Archive member included to satisfy reference by file (symbol)

/opt/intelFPGA/18.1/nios2eds/bin/gnu/H-x86_64-pc-linux-gnu/bin/../lib/gcc/nios2-elf/5.3.0/libgcc.a(lib2-divmod.o)
                              obj/default/hello_ucosii.o (__modsi3)
/opt/intelFPGA/18.1/nios2eds/bin/gnu/H-x86_64-pc-linux-gnu/bin/../lib/gcc/nios2-elf/5.3.0/../../../../../H-x86_64-pc-linux-gnu/nios2-elf/lib/libc.a(lib_a-memcpy.o)
                              obj/default/hello_ucosii.o (memcpy)
/opt/intelFPGA/18.1/nios2eds/bin/gnu/H-x86_64-pc-linux-gnu/bin/../lib/gcc/nios2-elf/5.3.0/../../../../../H-x86_64-pc-linux-gnu/nios2-elf/lib/libc.a(lib_a-puts.o)
                              obj/default/hello_ucosii.o (puts)
/opt/intelFPGA/18.1/nios2eds/bin/gnu/H-x86_64-pc-linux-gnu/bin/../lib/gcc/nios2-elf/5.3.0/../../../../../H-x86_64-pc-linux-gnu/nios2-elf/lib/libc.a(lib_a-rand.o)
                              obj/default/hello_ucosii.o (srand)
/opt/intelFPGA/18.1/nios2eds/bin/gnu/H-x86_64-pc-linux-gnu/bin/../lib/gcc/nios2-elf/5.3.0/../../../../../H-x86_64-pc-linux-gnu/nios2-elf/lib/libc.a(lib_a-strlen.o)
                              /opt/intelFPGA/18.1/nios2eds/bin/gnu/H-x86_64-pc-linux-gnu/bin/../lib/gcc/nios2-elf/5.3.0/../../../../../H-x86_64-pc-linux-gnu/nios2-elf/lib/libc.a(lib_a-puts.o) (strlen)
/opt/intelFPGA/18.1/nios2eds/bin/gnu/H-x86_64-pc-linux-gnu/bin/../lib/gcc/nios2-elf/5.3.0/../../../../../H-x86_64-pc-linux-gnu/nios2-elf/lib/libc.a(lib_a-time.o)
                              obj/default/hello_ucosii.o (time)
/opt/intelFPGA/18.1/nios2eds/bin/gnu/H-x86_64-pc-linux-gnu/bin/../lib/gcc/nios2-elf/5.3.0/../../../../../H-x86_64-pc-linux-gnu/nios2-elf/lib/libc.a(lib_a-findfp.o)
                              /opt/intelFPGA/18.1/nios2eds/bin/gnu/H-x86_64-pc-linux-gnu/bin/../lib/gcc/nios2-elf/5.3.0/../../../../../H-x86_64-pc-linux-gnu/nios2-elf/lib/libc.a(lib_a-puts.o) (__sinit)
/opt/intelFPGA/18.1/nios2eds/bin/gnu/H-x86_64-pc-linux-gnu/bin/../lib/gcc/nios2-elf/5.3.0/../../../../../H-x86_64-pc-linux-gnu/nios2-elf/lib/libc.a(lib_a-fvwrite.o)
                              /opt/intelFPGA/18.1/nios2eds/bin/gnu/H-x86_64-pc-linux-gnu/bin/../lib/gcc/nios2-elf/5.3.0/../../../../../H-x86_64-pc-linux-gnu/nios2-elf/lib/libc.a(lib_a-puts.o) (__sfvwrite_r)
/opt/intelFPGA/18.1/nios2eds/bin/gnu/H-x86_64-pc-linux-gnu/bin/../lib/gcc/nios2-elf/5.3.0/../../../../../H-x86_64-pc-linux-gnu/nios2-elf/lib/libc.a(lib_a-fwalk.o)
                              /opt/intelFPGA/18.1/nios2eds/bin/gnu/H-x86_64-pc-linux-gnu/bin/../lib/gcc/nios2-elf/5.3.0/../../../../../H-x86_64-pc-linux-gnu/nios2-elf/lib/libc.a(lib_a-findfp.o) (_fwalk)
/opt/intelFPGA/18.1/nios2eds/bin/gnu/H-x86_64-pc-linux-gnu/bin/../lib/gcc/nios2-elf/5.3.0/../../../../../H-x86_64-pc-linux-gnu/nios2-elf/lib/libc.a(lib_a-gettimeofdayr.o)
                              /opt/intelFPGA/18.1/nios2eds/bin/gnu/H-x86_64-pc-linux-gnu/bin/../lib/gcc/nios2-elf/5.3.0/../../../../../H-x86_64-pc-linux-gnu/nios2-elf/lib/libc.a(lib_a-time.o) (_gettimeofday_r)
/opt/intelFPGA/18.1/nios2eds/bin/gnu/H-x86_64-pc-linux-gnu/bin/../lib/gcc/nios2-elf/5.3.0/../../../../../H-x86_64-pc-linux-gnu/nios2-elf/lib/libc.a(lib_a-impure.o)
                              /opt/intelFPGA/18.1/nios2eds/bin/gnu/H-x86_64-pc-linux-gnu/bin/../lib/gcc/nios2-elf/5.3.0/../../../../../H-x86_64-pc-linux-gnu/nios2-elf/lib/libc.a(lib_a-findfp.o) (_global_impure_ptr)
/opt/intelFPGA/18.1/nios2eds/bin/gnu/H-x86_64-pc-linux-gnu/bin/../lib/gcc/nios2-elf/5.3.0/../../../../../H-x86_64-pc-linux-gnu/nios2-elf/lib/libc.a(lib_a-int_errno.o)
                              /opt/intelFPGA/18.1/nios2eds/bin/gnu/H-x86_64-pc-linux-gnu/bin/../lib/gcc/nios2-elf/5.3.0/../../../../../H-x86_64-pc-linux-gnu/nios2-elf/lib/libc.a(lib_a-gettimeofdayr.o) (errno)
/opt/intelFPGA/18.1/nios2eds/bin/gnu/H-x86_64-pc-linux-gnu/bin/../lib/gcc/nios2-elf/5.3.0/../../../../../H-x86_64-pc-linux-gnu/nios2-elf/lib/libc.a(lib_a-mallocr.o)
                              /opt/intelFPGA/18.1/nios2eds/bin/gnu/H-x86_64-pc-linux-gnu/bin/../lib/gcc/nios2-elf/5.3.0/../../../../../H-x86_64-pc-linux-gnu/nios2-elf/lib/libc.a(lib_a-findfp.o) (_malloc_r)
/opt/intelFPGA/18.1/nios2eds/bin/gnu/H-x86_64-pc-linux-gnu/bin/../lib/gcc/nios2-elf/5.3.0/../../../../../H-x86_64-pc-linux-gnu/nios2-elf/lib/libc.a(lib_a-memchr.o)
                              /opt/intelFPGA/18.1/nios2eds/bin/gnu/H-x86_64-pc-linux-gnu/bin/../lib/gcc/nios2-elf/5.3.0/../../../../../H-x86_64-pc-linux-gnu/nios2-elf/lib/libc.a(lib_a-fvwrite.o) (memchr)
/opt/intelFPGA/18.1/nios2eds/bin/gnu/H-x86_64-pc-linux-gnu/bin/../lib/gcc/nios2-elf/5.3.0/../../../../../H-x86_64-pc-linux-gnu/nios2-elf/lib/libc.a(lib_a-memmove.o)
                              /opt/intelFPGA/18.1/nios2eds/bin/gnu/H-x86_64-pc-linux-gnu/bin/../lib/gcc/nios2-elf/5.3.0/../../../../../H-x86_64-pc-linux-gnu/nios2-elf/lib/libc.a(lib_a-fvwrite.o) (memmove)
[...]
Memory Configuration

Name             Origin             Length             Attributes
sdram_controller_0_BEFORE_RESET 0x0000000004000000 0x0000000000100000
reset            0x0000000004100000 0x0000000000000020
sdram_controller_0 0x0000000004100020 0x0000000003efffe0
onchip_memory2_0 0x0000000008040000 0x0000000000040000
*default*        0x0000000000000000 0xffffffffffffffff

Linker script and memory map

LOAD /home/vm/Documents/QuartusQuake/sw/cpu1_gamelogic_bsp//obj/HAL/src/crt0.o
LOAD obj/default/hello_ucosii.o
LOAD /opt/intelFPGA/18.1/nios2eds/bin/gnu/H-x86_64-pc-linux-gnu/bin/../lib/gcc/nios2-elf/5.3.0/../../../../../H-x86_64-pc-linux-gnu/nios2-elf/lib/libstdc++.a
LOAD /opt/intelFPGA/18.1/nios2eds/bin/gnu/H-x86_64-pc-linux-gnu/bin/../lib/gcc/nios2-elf/5.3.0/../../../../../H-x86_64-pc-linux-gnu/nios2-elf/lib/libm.a
LOAD /opt/intelFPGA/18.1/nios2eds/bin/gnu/H-x86_64-pc-linux-gnu/bin/../lib/gcc/nios2-elf/5.3.0/libgcc.a
START GROUP
LOAD /opt/intelFPGA/18.1/nios2eds/bin/gnu/H-x86_64-pc-linux-gnu/bin/../lib/gcc/nios2-elf/5.3.0/../../../../../H-x86_64-pc-linux-gnu/nios2-elf/lib/libc.a
LOAD /opt/intelFPGA/18.1/nios2eds/bin/gnu/H-x86_64-pc-linux-gnu/bin/../lib/gcc/nios2-elf/5.3.0/libgcc.a
LOAD /home/vm/Documents/QuartusQuake/sw/cpu1_gamelogic_bsp//libucosii_bsp.a
LOAD /opt/intelFPGA/18.1/nios2eds/bin/gnu/H-x86_64-pc-linux-gnu/bin/../lib/gcc/nios2-elf/5.3.0/../../../../../H-x86_64-pc-linux-gnu/nios2-elf/lib/libm.a
END GROUP
LOAD /opt/intelFPGA/18.1/nios2eds/bin/gnu/H-x86_64-pc-linux-gnu/bin/../lib/gcc/nios2-elf/5.3.0/libgcc.a
                0x0000000004000000                __alt_mem_sdram_controller_0 = 0x4000000
                0x0000000008040000                __alt_mem_onchip_memory2_0 = 0x8040000

.entry          0x0000000004100000       0x20
 *(.entry)
 .entry         0x0000000004100000       0x20 /home/vm/Documents/QuartusQuake/sw/cpu1_gamelogic_bsp//obj/HAL/src/crt0.o
                0x0000000004100000                __reset

.exceptions     0x0000000004100020      0x224
                0x0000000004100020                PROVIDE (__ram_exceptions_start, ABSOLUTE (.))
                0x0000000004100020                . = ALIGN (0x20)
 *(.irq)
 *(.exceptions.entry.label)
 .exceptions.entry.label
                0x0000000004100020        0x0 /home/vm/Documents/QuartusQuake/sw/cpu1_gamelogic_bsp//libucosii_bsp.a(alt_irq_entry.o)
                0x0000000004100020                alt_irq_entry
 .exceptions.entry.label
                0x0000000004100020        0x0 /home/vm/Documents/QuartusQuake/sw/cpu1_gamelogic_bsp//libucosii_bsp.a(alt_exception_entry.o)
                0x0000000004100020                alt_exception
 *(.exceptions.entry.user)
 *(.exceptions.entry.ecc_fatal)
 *(.exceptions.entry)
 .exceptions.entry
                0x0000000004100020       0x54 /home/vm/Documents/QuartusQuake/sw/cpu1_gamelogic_bsp//libucosii_bsp.a(alt_exception_entry.o)
 *(.exceptions.irqtest.user)
 *(.exceptions.irqtest)
 .exceptions.irqtest
                0x0000000004100074       0x10 /home/vm/Documents/QuartusQuake/sw/cpu1_gamelogic_bsp//libucosii_bsp.a(alt_irq_entry.o)
 *(.exceptions.irqhandler.user)
 *(.exceptions.irqhandler)
 .exceptions.irqhandler
                0x0000000004100084        0x4 /home/vm/Documents/QuartusQuake/sw/cpu1_gamelogic_bsp//libucosii_bsp.a(alt_irq_entry.o)
 *(.exceptions.irqreturn.user)
 *(.exceptions.irqreturn)
 .exceptions.irqreturn
                0x0000000004100088        0x4 /home/vm/Documents/QuartusQuake/sw/cpu1_gamelogic_bsp//libucosii_bsp.a(alt_irq_entry.o)
 *(.exceptions.notirq.label)
 .exceptions.notirq.label
                0x000000000410008c        0x0 /home/vm/Documents/QuartusQuake/sw/cpu1_gamelogic_bsp//libucosii_bsp.a(alt_irq_entry.o)
 *(.exceptions.notirq.user)
 *(.exceptions.notirq)
 .exceptions.notirq
                0x000000000410008c        0x8 /home/vm/Documents/QuartusQuake/sw/cpu1_gamelogic_bsp//libucosii_bsp.a(alt_exception_entry.o)
 *(.exceptions.soft.user)
 *(.exceptions.soft)
 *(.exceptions.unknown.user)
 *(.exceptions.unknown)
 .exceptions.unknown
                0x0000000004100094       0x14 /home/vm/Documents/QuartusQuake/sw/cpu1_gamelogic_bsp//libucosii_bsp.a(alt_exception_entry.o)
 *(.exceptions.exit.label)
 .exceptions.exit.label
                0x00000000041000a8        0x0 /home/vm/Documents/QuartusQuake/sw/cpu1_gamelogic_bsp//libucosii_bsp.a(alt_irq_entry.o)
 .exceptions.exit.label
                0x00000000041000a8        0x0 /home/vm/Documents/QuartusQuake/sw/cpu1_gamelogic_bsp//libucosii_bsp.a(alt_exception_entry.o)
 *(.exceptions.exit.user)
 *(.exceptions.exit)
 .exceptions.exit
                0x00000000041000a8       0x54 /home/vm/Documents/QuartusQuake/sw/cpu1_gamelogic_bsp//libucosii_bsp.a(alt_exception_entry.o)
 *(.exceptions)
 .exceptions    0x00000000041000fc       0xd4 /home/vm/Documents/QuartusQuake/sw/cpu1_gamelogic_bsp//libucosii_bsp.a(alt_irq_handler.o)
                0x00000000041000fc                alt_irq_handler
 .exceptions    0x00000000041001d0       0x74 /home/vm/Documents/QuartusQuake/sw/cpu1_gamelogic_bsp//libucosii_bsp.a(alt_instruction_exception_entry.o)
                0x00000000041001d0                alt_instruction_exception_entry
                0x0000000004100244                PROVIDE (__ram_exceptions_end, ABSOLUTE (.))
                0x0000000004100020                PROVIDE (__flash_exceptions_start, LOADADDR (.exceptions))

.text           0x0000000004100244     0xf534
                [!provide]                        PROVIDE (stext, ABSOLUTE (.))
 *(.interp)
 *(.hash)
 *(.dynsym)
 *(.dynstr)
 *(.gnu.version)
 *(.gnu.version_d)
 *(.gnu.version_r)
 *(.rel.init)
 *(.rela.init)
 *(.rel.text .rel.text.* .rel.gnu.linkonce.t.*)
 *(.rela.text .rela.text.* .rela.gnu.linkonce.t.*)
 *(.rel.fini)
 *(.rela.fini)
 *(.rel.rodata .rel.rodata.* .rel.gnu.linkonce.r.*)
 *(.rela.rodata .rela.rodata.* .rela.gnu.linkonce.r.*)
 *(.rel.data .rel.data.* .rel.gnu.linkonce.d.*)
 *(.rela.data .rela.data.* .rela.gnu.linkonce.d.*)
 *(.rel.tdata .rel.tdata.* .rel.gnu.linkonce.td.*)
 *(.rela.tdata .rela.tdata.* .rela.gnu.linkonce.td.*)
 *(.rel.tbss .rel.tbss.* .rel.gnu.linkonce.tb.*)
 *(.rela.tbss .rela.tbss.* .rela.gnu.linkonce.tb.*)
 *(.rel.ctors)
 *(.rela.ctors)
 *(.rel.dtors)
 *(.rela.dtors)
 *(.rel.got)
 *(.rela.got)
 *(.rel.sdata .rel.sdata.* .rel.gnu.linkonce.s.*)
 *(.rela.sdata .rela.sdata.* .rela.gnu.linkonce.s.*)
 *(.rel.sbss .rel.sbss.* .rel.gnu.linkonce.sb.*)
 *(.rela.sbss .rela.sbss.* .rela.gnu.linkonce.sb.*)
 *(.rel.sdata2 .rel.sdata2.* .rel.gnu.linkonce.s2.*)
 *(.rela.sdata2 .rela.sdata2.* .rela.gnu.linkonce.s2.*)
 *(.rel.sbss2 .rel.sbss2.* .rel.gnu.linkonce.sb2.*)
 *(.rela.sbss2 .rela.sbss2.* .rela.gnu.linkonce.sb2.*)
 *(.rel.bss .rel.bss.* .rel.gnu.linkonce.b.*)
 *(.rela.bss .rela.bss.* .rela.gnu.linkonce.b.*)
 *(.rel.plt)
 *(.rela.plt)
 *(.rel.dyn)
 *(.init)
 *(.plt)
 *(.text .stub .text.* .gnu.linkonce.t.*)
 .text          0x0000000004100244       0x4c /home/vm/Documents/QuartusQuake/sw/cpu1_gamelogic_bsp//obj/HAL/src/crt0.o
                0x0000000004100244                _start
 .text          0x0000000004100290      0x790 obj/default/hello_ucosii.o
                0x000000000410036c                movebullets
                0x0000000004100804                reset_game
                0x00000000041008bc                reset_score
                0x00000000041008fc                init
                0x0000000004100960                main
 .text          0x0000000004100a20      0x1b4 /opt/intelFPGA/18.1/nios2eds/bin/gnu/H-x86_64-pc-linux-gnu/bin/../lib/gcc/nios2-elf/5.3.0/libgcc.a(lib2-divmod.o)
                0x0000000004100a20                __divsi3
                0x0000000004100aa4                __modsi3
                0x0000000004100b18                __udivsi3
                0x0000000004100b7c                __umodsi3
 .text          0x0000000004100bd4        0x0 /opt/intelFPGA/18.1/nios2eds/bin/gnu/H-x86_64-pc-linux-gnu/bin/../lib/gcc/nios2-elf/5.3.0/../../../../../H-x86_64-pc-linux-gnu/nios2-elf/lib/libc.a(lib_a-memcpy.o)
 .text.memcpy   0x0000000004100bd4      0x148 /opt/intelFPGA/18.1/nios2eds/bin/gnu/H-x86_64-pc-linux-gnu/bin/../lib/gcc/nios2-elf/5.3.0/../../../../../H-x86_64-pc-linux-gnu/nios2-elf/lib/libc.a(lib_a-memcpy.o)
                0x0000000004100bd4                memcpy
 .text          0x0000000004100d1c        0x0 /opt/intelFPGA/18.1/nios2eds/bin/gnu/H-x86_64-pc-linux-gnu/bin/../lib/gcc/nios2-elf/5.3.0/../../../../../H-x86_64-pc-linux-gnu/nios2-elf/lib/libc.a(lib_a-puts.o)
 .text._puts_r  0x0000000004100d1c       0xc0 /opt/intelFPGA/18.1/nios2eds/bin/gnu/H-x86_64-pc-linux-gnu/bin/../lib/gcc/nios2-elf/5.3.0/../../../../../H-x86_64-pc-linux-gnu/nios2-elf/lib/libc.a(lib_a-puts.o)
                0x0000000004100d1c                _puts_r
 .text.puts     0x0000000004100ddc       0x14 /opt/intelFPGA/18.1/nios2eds/bin/gnu/H-x86_64-pc-linux-gnu/bin/../lib/gcc/nios2-elf/5.3.0/../../../../../H-x86_64-pc-linux-gnu/nios2-elf/lib/libc.a(lib_a-puts.o)
                0x0000000004100ddc                puts
 .text          0x0000000004100df0        0x0 /opt/intelFPGA/18.1/nios2eds/bin/gnu/H-x86_64-pc-linux-gnu/bin/../lib/gcc/nios2-elf/5.3.0/../../../../../H-x86_64-pc-linux-gnu/nios2-elf/lib/libc.a(lib_a-rand.o)
 .text.srand    0x0000000004100df0       0x18 /opt/intelFPGA/18.1/nios2eds/bin/gnu/H-x86_64-pc-linux-gnu/bin/../lib/gcc/nios2-elf/5.3.0/../../../../../H-x86_64-pc-linux-gnu/nios2-elf/lib/libc.a(lib_a-rand.o)
                0x0000000004100df0                srand
 .text.rand     0x0000000004100e08       0x64 /opt/intelFPGA/18.1/nios2eds/bin/gnu/H-x86_64-pc-linux-gnu/bin/../lib/gcc/nios2-elf/5.3.0/../../../../../H-x86_64-pc-linux-gnu/nios2-elf/lib/libc.a(lib_a-rand.o)
                0x0000000004100e08                rand
 .text          0x0000000004100e6c        0x0 /opt/intelFPGA/18.1/nios2eds/bin/gnu/H-x86_64-pc-linux-gnu/bin/../lib/gcc/nios2-elf/5.3.0/../../../../../H-x86_64-pc-linux-gnu/nios2-elf/lib/libc.a(lib_a-strlen.o)
 .text.strlen   0x0000000004100e6c       0x98 /opt/intelFPGA/18.1/nios2eds/bin/gnu/H-x86_64-pc-linux-gnu/bin/../lib/gcc/nios2-elf/5.3.0/../../../../../H-x86_64-pc-linux-gnu/nios2-elf/lib/libc.a(lib_a-strlen.o)
                0x0000000004100e6c                strlen
 .text          0x0000000004100f04        0x0 /opt/intelFPGA/18.1/nios2eds/bin/gnu/H-x86_64-pc-linux-gnu/bin/../lib/gcc/nios2-elf/5.3.0/../../../../../H-x86_64-pc-linux-gnu/nios2-elf/lib/libc.a(lib_a-time.o)
 .text.time     0x0000000004100f04       0x50 /opt/intelFPGA/18.1/nios2eds/bin/gnu/H-x86_64-pc-linux-gnu/bin/../lib/gcc/nios2-elf/5.3.0/../../../../../H-x86_64-pc-linux-gnu/nios2-elf/lib/libc.a(lib_a-time.o)
                0x0000000004100f04                time
 .text          0x0000000004100f54        0x0 /opt/intelFPGA/18.1/nios2eds/bin/gnu/H-x86_64-pc-linux-gnu/bin/../lib/gcc/nios2-elf/5.3.0/../../../../../H-x86_64-pc-linux-gnu/nios2-elf/lib/libc.a(lib_a-findfp.o)
 .text.__fp_unlock
                0x0000000004100f54        0x8 /opt/intelFPGA/18.1/nios2eds/bin/gnu/H-x86_64-pc-linux-gnu/bin/../lib/gcc/nios2-elf/5.3.0/../../../../../H-x86_64-pc-linux-gnu/nios2-elf/lib/libc.a(lib_a-findfp.o)
 .text._cleanup_r
                0x0000000004100f5c        0xc /opt/intelFPGA/18.1/nios2eds/bin/gnu/H-x86_64-pc-linux-gnu/bin/../lib/gcc/nios2-elf/5.3.0/../../../../../H-x86_64-pc-linux-gnu/nios2-elf/lib/libc.a(lib_a-findfp.o)
                0x0000000004100f5c                _cleanup_r
 .text.__sinit.part.1
                0x0000000004100f68      0x19c /opt/intelFPGA/18.1/nios2eds/bin/gnu/H-x86_64-pc-linux-gnu/bin/../lib/gcc/nios2-elf/5.3.0/../../../../../H-x86_64-pc-linux-gnu/nios2-elf/lib/libc.a(lib_a-findfp.o)
 .text.__fp_lock
                0x0000000004101104        0x8 /opt/intelFPGA/18.1/nios2eds/bin/gnu/H-x86_64-pc-linux-gnu/bin/../lib/gcc/nios2-elf/5.3.0/../../../../../H-x86_64-pc-linux-gnu/nios2-elf/lib/libc.a(lib_a-findfp.o)
 .text.__sfmoreglue
                0x000000000410110c       0x68 /opt/intelFPGA/18.1/nios2eds/bin/gnu/H-x86_64-pc-linux-gnu/bin/../lib/gcc/nios2-elf/5.3.0/../../../../../H-x86_64-pc-linux-gnu/nios2-elf/lib/libc.a(lib_a-findfp.o)
                0x000000000410110c                __sfmoreglue
 .text.__sfp    0x0000000004101174      0x118 /opt/intelFPGA/18.1/nios2eds/bin/gnu/H-x86_64-pc-linux-gnu/bin/../lib/gcc/nios2-elf/5.3.0/../../../../../H-x86_64-pc-linux-gnu/nios2-elf/lib/libc.a(lib_a-findfp.o)
                0x0000000004101174                __sfp
 .text._cleanup
                0x000000000410128c       0x18 /opt/intelFPGA/18.1/nios2eds/bin/gnu/H-x86_64-pc-linux-gnu/bin/../lib/gcc/nios2-elf/5.3.0/../../../../../H-x86_64-pc-linux-gnu/nios2-elf/lib/libc.a(lib_a-findfp.o)
                0x000000000410128c                _cleanup
 .text.__sinit  0x00000000041012a4       0x10 /opt/intelFPGA/18.1/nios2eds/bin/gnu/H-x86_64-pc-linux-gnu/bin/../lib/gcc/nios2-elf/5.3.0/../../../../../H-x86_64-pc-linux-gnu/nios2-elf/lib/libc.a(lib_a-findfp.o)
                0x00000000041012a4                __sinit
 .text.__sfp_lock_acquire
                0x00000000041012b4        0x4 /opt/intelFPGA/18.1/nios2eds/bin/gnu/H-x86_64-pc-linux-gnu/bin/../lib/gcc/nios2-elf/5.3.0/../../../../../H-x86_64-pc-linux-gnu/nios2-elf/lib/libc.a(lib_a-findfp.o)
                0x00000000041012b4                __sfp_lock_acquire
 .text.__sfp_lock_release
                0x00000000041012b8        0x4 /opt/intelFPGA/18.1/nios2eds/bin/gnu/H-x86_64-pc-linux-gnu/bin/../lib/gcc/nios2-elf/5.3.0/../../../../../H-x86_64-pc-linux-gnu/nios2-elf/lib/libc.a(lib_a-findfp.o)
                0x00000000041012b8                __sfp_lock_release
 .text.__sinit_lock_acquire
                0x00000000041012bc        0x4 /opt/intelFPGA/18.1/nios2eds/bin/gnu/H-x86_64-pc-linux-gnu/bin/../lib/gcc/nios2-elf/5.3.0/../../../../../H-x86_64-pc-linux-gnu/nios2-elf/lib/libc.a(lib_a-findfp.o)
                0x00000000041012bc                __sinit_lock_acquire
 .text.__sinit_lock_release
                0x00000000041012c0        0x4 /opt/intelFPGA/18.1/nios2eds/bin/gnu/H-x86_64-pc-linux-gnu/bin/../lib/gcc/nios2-elf/5.3.0/../../../../../H-x86_64-pc-linux-gnu/nios2-elf/lib/libc.a(lib_a-findfp.o)
                0x00000000041012c0                __sinit_lock_release
 .text.__fp_lock_all
                0x00000000041012c4       0x18 /opt/intelFPGA/18.1/nios2eds/bin/gnu/H-x86_64-pc-linux-gnu/bin/../lib/gcc/nios2-elf/5.3.0/../../../../../H-x86_64-pc-linux-gnu/nios2-elf/lib/libc.a(lib_a-findfp.o)
                0x00000000041012c4                __fp_lock_all
 .text.__fp_unlock_all
                0x00000000041012dc       0x18 /opt/intelFPGA/18.1/nios2eds/bin/gnu/H-x86_64-pc-linux-gnu/bin/../lib/gcc/nios2-elf/5.3.0/../../../../../H-x86_64-pc-linux-gnu/nios2-elf/lib/libc.a(lib_a-findfp.o)
                0x00000000041012dc                __fp_unlock_all
 .text          0x00000000041012f4        0x0 /opt/intelFPGA/18.1/nios2eds/bin/gnu/H-x86_64-pc-linux-gnu/bin/../lib/gcc/nios2-elf/5.3.0/../../../../../H-x86_64-pc-linux-gnu/nios2-elf/lib/libc.a(lib_a-fvwrite.o)
 .text.__sfvwrite_r
                0x00000000041012f4      0x4bc /opt/intelFPGA/18.1/nios2eds/bin/gnu/H-x86_64-pc-linux-gnu/bin/../lib/gcc/nios2-elf/5.3.0/../../../../../H-x86_64-pc-linux-gnu/nios2-elf/lib/libc.a(lib_a-fvwrite.o)
                0x00000000041012f4                __sfvwrite_r
 .text          0x00000000041017b0        0x0 /opt/intelFPGA/18.1/nios2eds/bin/gnu/H-x86_64-pc-linux-gnu/bin/../lib/gcc/nios2-elf/5.3.0/../../../../../H-x86_64-pc-linux-gnu/nios2-elf/lib/libc.a(lib_a-fwalk.o)
 .text._fwalk   0x00000000041017b0       0xc4 /opt/intelFPGA/18.1/nios2eds/bin/gnu/H-x86_64-pc-linux-gnu/bin/../lib/gcc/nios2-elf/5.3.0/../../../../../H-x86_64-pc-linux-gnu/nios2-elf/lib/libc.a(lib_a-fwalk.o)
                0x00000000041017b0                _fwalk
 .text._fwalk_reent
                0x0000000004101874       0xc4 /opt/intelFPGA/18.1/nios2eds/bin/gnu/H-x86_64-pc-linux-gnu/bin/../lib/gcc/nios2-elf/5.3.0/../../../../../H-x86_64-pc-linux-gnu/nios2-elf/lib/libc.a(lib_a-fwalk.o)
                0x0000000004101874                _fwalk_reent
 .text          0x0000000004101938        0x0 /opt/intelFPGA/18.1/nios2eds/bin/gnu/H-x86_64-pc-linux-gnu/bin/../lib/gcc/nios2-elf/5.3.0/../../../../../H-x86_64-pc-linux-gnu/nios2-elf/lib/libc.a(lib_a-gettimeofdayr.o)
 .text._gettimeofday_r
                0x0000000004101938       0x5c /opt/intelFPGA/18.1/nios2eds/bin/gnu/H-x86_64-pc-linux-gnu/bin/../lib/gcc/nios2-elf/5.3.0/../../../../../H-x86_64-pc-linux-gnu/nios2-elf/lib/libc.a(lib_a-gettimeofdayr.o)
                0x0000000004101938                _gettimeofday_r
 .text          0x0000000004101994        0x0 /opt/intelFPGA/18.1/nios2eds/bin/gnu/H-x86_64-pc-linux-gnu/bin/../lib/gcc/nios2-elf/5.3.0/../../../../../H-x86_64-pc-linux-gnu/nios2-elf/lib/libc.a(lib_a-impure.o)
 .text          0x0000000004101994        0x0 /opt/intelFPGA/18.1/nios2eds/bin/gnu/H-x86_64-pc-linux-gnu/bin/../lib/gcc/nios2-elf/5.3.0/../../../../../H-x86_64-pc-linux-gnu/nios2-elf/lib/libc.a(lib_a-int_errno.o)
 .text          0x0000000004101994        0x0 /opt/intelFPGA/18.1/nios2eds/bin/gnu/H-x86_64-pc-linux-gnu/bin/../lib/gcc/nios2-elf/5.3.0/../../../../../H-x86_64-pc-linux-gnu/nios2-elf/lib/libc.a(lib_a-mallocr.o)
 .text._malloc_r
                0x0000000004101994      0x80c /opt/intelFPGA/18.1/nios2eds/bin/gnu/H-x86_64-pc-linux-gnu/bin/../lib/gcc/nios2-elf/5.3.0/../../../../../H-x86_64-pc-linux-gnu/nios2-elf/lib/libc.a(lib_a-mallocr.o)
                0x0000000004101994                _malloc_r
 .text          0x00000000041021a0        0x0 /opt/intelFPGA/18.1/nios2eds/bin/gnu/H-x86_64-pc-linux-gnu/bin/../lib/gcc/nios2-elf/5.3.0/../../../../../H-x86_64-pc-linux-gnu/nios2-elf/lib/libc.a(lib_a-memchr.o)
 .text.memchr   0x00000000041021a0       0xe4 /opt/intelFPGA/18.1/nios2eds/bin/gnu/H-x86_64-pc-linux-gnu/bin/../lib/gcc/nios2-elf/5.3.0/../../../../../H-x86_64-pc-linux-gnu/nios2-elf/lib/libc.a(lib_a-memchr.o)
                0x00000000041021a0                memchr
 .text          0x0000000004102284        0x0 /opt/intelFPGA/18.1/nios2eds/bin/gnu/H-x86_64-pc-linux-gnu/bin/../lib/gcc/nios2-elf/5.3.0/../../../../../H-x86_64-pc-linux-gnu/nios2-elf/lib/libc.a(lib_a-memmove.o)
 .text.memmove  0x0000000004102284      0x15c /opt/intelFPGA/18.1/nios2eds/bin/gnu/H-x86_64-pc-linux-gnu/bin/../lib/gcc/nios2-elf/5.3.0/../../../../../H-x86_64-pc-linux-gnu/nios2-elf/lib/libc.a(lib_a-memmove.o)
                0x0000000004102284                memmove
 .text          0x00000000041023e0        0x0 /opt/intelFPGA/18.1/nios2eds/bin/gnu/H-x86_64-pc-linux-gnu/bin/../lib/gcc/nios2-elf/5.3.0/../../../../../H-x86_64-pc-linux-gnu/nios2-elf/lib/libc.a(lib_a-memset.o)
 .text.memset   0x00000000041023e0      0x128 /opt/intelFPGA/18.1/nios2eds/bin/gnu/H-x86_64-pc-linux-gnu/bin/../lib/gcc/nios2-elf/5.3.0/../../../../../H-x86_64-pc-linux-gnu/nios2-elf/lib/libc.a(lib_a-memset.o)
                0x00000000041023e0                memset
 .text          0x0000000004102508        0x0 /opt/intelFPGA/18.1/nios2eds/bin/gnu/H-x86_64-pc-linux-gnu/bin/../lib/gcc/nios2-elf/5.3.0/../../../../../H-x86_64-pc-linux-gnu/nios2-elf/lib/libc.a(lib_a-reallocr.o)
 .text._realloc_r
                0x0000000004102508      0x564 /opt/intelFPGA/18.1/nios2eds/bin/gnu/H-x86_64-pc-linux-gnu/bin/../lib/gcc/nios2-elf/5.3.0/../../../../../H-x86_64-pc-linux-gnu/nios2-elf/lib/libc.a(lib_a-reallocr.o)
                0x0000000004102508                _realloc_r
 .text          0x0000000004102a6c        0x0 /opt/intelFPGA/18.1/nios2eds/bin/gnu/H-x86_64-pc-linux-gnu/bin/../lib/gcc/nios2-elf/5.3.0/../../../../../H-x86_64-pc-linux-gnu/nios2-elf/lib/libc.a(lib_a-sbrkr.o)
 .text._sbrk_r  0x0000000004102a6c       0x54 /opt/intelFPGA/18.1/nios2eds/bin/gnu/H-x86_64-pc-linux-gnu/bin/../lib/gcc/nios2-elf/5.3.0/../../../../../H-x86_64-pc-linux-gnu/nios2-elf/lib/libc.a(lib_a-sbrkr.o)
                0x0000000004102a6c                _sbrk_r
 .text          0x0000000004102ac0        0x0 /opt/intelFPGA/18.1/nios2eds/bin/gnu/H-x86_64-pc-linux-gnu/bin/../lib/gcc/nios2-elf/5.3.0/../../../../../H-x86_64-pc-linux-gnu/nios2-elf/lib/libc.a(lib_a-stdio.o)
 .text.__sread  0x0000000004102ac0       0x54 /opt/intelFPGA/18.1/nios2eds/bin/gnu/H-x86_64-pc-linux-gnu/bin/../lib/gcc/nios2-elf/5.3.0/../../../../../H-x86_64-pc-linux-gnu/nios2-elf/lib/libc.a(lib_a-stdio.o)
                0x0000000004102ac0                __sread
 .text.__seofread
                0x0000000004102b14        0x8 /opt/intelFPGA/18.1/nios2eds/bin/gnu/H-x86_64-pc-linux-gnu/bin/../lib/gcc/nios2-elf/5.3.0/../../../../../H-x86_64-pc-linux-gnu/nios2-elf/lib/libc.a(lib_a-stdio.o)
                0x0000000004102b14                __seofread
 .text.__swrite
                0x0000000004102b1c       0x7c /opt/intelFPGA/18.1/nios2eds/bin/gnu/H-x86_64-pc-linux-gnu/bin/../lib/gcc/nios2-elf/5.3.0/../../../../../H-x86_64-pc-linux-gnu/nios2-elf/lib/libc.a(lib_a-stdio.o)
                0x0000000004102b1c                __swrite
 .text.__sseek  0x0000000004102b98       0x5c /opt/intelFPGA/18.1/nios2eds/bin/gnu/H-x86_64-pc-linux-gnu/bin/../lib/gcc/nios2-elf/5.3.0/../../../../../H-x86_64-pc-linux-gnu/nios2-elf/lib/libc.a(lib_a-stdio.o)
                0x0000000004102b98                __sseek
 .text.__sclose
                0x0000000004102bf4        0x8 /opt/intelFPGA/18.1/nios2eds/bin/gnu/H-x86_64-pc-linux-gnu/bin/../lib/gcc/nios2-elf/5.3.0/../../../../../H-x86_64-pc-linux-gnu/nios2-elf/lib/libc.a(lib_a-stdio.o)
                0x0000000004102bf4                __sclose
 .text          0x0000000004102bfc        0x0 /opt/intelFPGA/18.1/nios2eds/bin/gnu/H-x86_64-pc-linux-gnu/bin/../lib/gcc/nios2-elf/5.3.0/../../../../../H-x86_64-pc-linux-gnu/nios2-elf/lib/libc.a(lib_a-writer.o)
 .text._write_r
                0x0000000004102bfc       0x60 /opt/intelFPGA/18.1/nios2eds/bin/gnu/H-x86_64-pc-linux-gnu/bin/../lib/gcc/nios2-elf/5.3.0/../../../../../H-x86_64-pc-linux-gnu/nios2-elf/lib/libc.a(lib_a-writer.o)
                0x0000000004102bfc                _write_r
 .text          0x0000000004102c5c        0x0 /opt/intelFPGA/18.1/nios2eds/bin/gnu/H-x86_64-pc-linux-gnu/bin/../lib/gcc/nios2-elf/5.3.0/../../../../../H-x86_64-pc-linux-gnu/nios2-elf/lib/libc.a(lib_a-wsetup.o)
 .text.__swsetup_r
                0x0000000004102c5c      0x154 /opt/intelFPGA/18.1/nios2eds/bin/gnu/H-x86_64-pc-linux-gnu/bin/../lib/gcc/nios2-elf/5.3.0/../../../../../H-x86_64-pc-linux-gnu/nios2-elf/lib/libc.a(lib_a-wsetup.o)
                0x0000000004102c5c                __swsetup_r
 .text          0x0000000004102db0        0x0 /opt/intelFPGA/18.1/nios2eds/bin/gnu/H-x86_64-pc-linux-gnu/bin/../lib/gcc/nios2-elf/5.3.0/../../../../../H-x86_64-pc-linux-gnu/nios2-elf/lib/libc.a(closer.o)
 .text._close_r
                0x0000000004102db0       0x54 /opt/intelFPGA/18.1/nios2eds/bin/gnu/H-x86_64-pc-linux-gnu/bin/../lib/gcc/nios2-elf/5.3.0/../../../../../H-x86_64-pc-linux-gnu/nios2-elf/lib/libc.a(closer.o)
                0x0000000004102db0                _close_r
 .text          0x0000000004102e04        0x0 /opt/intelFPGA/18.1/nios2eds/bin/gnu/H-x86_64-pc-linux-gnu/bin/../lib/gcc/nios2-elf/5.3.0/../../../../../H-x86_64-pc-linux-gnu/nios2-elf/lib/libc.a(lib_a-fclose.o)
 .text._fclose_r
                0x0000000004102e04       0xf0 /opt/intelFPGA/18.1/nios2eds/bin/gnu/H-x86_64-pc-linux-gnu/bin/../lib/gcc/nios2-elf/5.3.0/../../../../../H-x86_64-pc-linux-gnu/nios2-elf/lib/libc.a(lib_a-fclose.o)
                0x0000000004102e04                _fclose_r
 .text.fclose   0x0000000004102ef4       0x14 /opt/intelFPGA/18.1/nios2eds/bin/gnu/H-x86_64-pc-linux-gnu/bin/../lib/gcc/nios2-elf/5.3.0/../../../../../H-x86_64-pc-linux-gnu/nios2-elf/lib/libc.a(lib_a-fclose.o)
                0x0000000004102ef4                fclose
 .text          0x0000000004102f08        0x0 /opt/intelFPGA/18.1/nios2eds/bin/gnu/H-x86_64-pc-linux-gnu/bin/../lib/gcc/nios2-elf/5.3.0/../../../../../H-x86_64-pc-linux-gnu/nios2-elf/lib/libc.a(lib_a-fflush.o)
 .text.__sflush_r
                0x0000000004102f08      0x21c /opt/intelFPGA/18.1/nios2eds/bin/gnu/H-x86_64-pc-linux-gnu/bin/../lib/gcc/nios2-elf/5.3.0/../../../../../H-x86_64-pc-linux-gnu/nios2-elf/lib/libc.a(lib_a-fflush.o)
                0x0000000004102f08                __sflush_r
 .text._fflush_r
                0x0000000004103124       0x5c /opt/intelFPGA/18.1/nios2eds/bin/gnu/H-x86_64-pc-linux-gnu/bin/../lib/gcc/nios2-elf/5.3.0/../../../../../H-x86_64-pc-linux-gnu/nios2-elf/lib/libc.a(lib_a-fflush.o)
                0x0000000004103124                _fflush_r
 .text.fflush   0x0000000004103180       0x30 /opt/intelFPGA/18.1/nios2eds/bin/gnu/H-x86_64-pc-linux-gnu/bin/../lib/gcc/nios2-elf/5.3.0/../../../../../H-x86_64-pc-linux-gnu/nios2-elf/lib/libc.a(lib_a-fflush.o)
                0x0000000004103180                fflush
 .text          0x00000000041031b0        0x0 /opt/intelFPGA/18.1/nios2eds/bin/gnu/H-x86_64-pc-linux-gnu/bin/../lib/gcc/nios2-elf/5.3.0/../../../../../H-x86_64-pc-linux-gnu/nios2-elf/lib/libc.a(lib_a-freer.o)
 .text._malloc_trim_r
                0x00000000041031b0      0x124 /opt/intelFPGA/18.1/nios2eds/bin/gnu/H-x86_64-pc-linux-gnu/bin/../lib/gcc/nios2-elf/5.3.0/../../../../../H-x86_64-pc-linux-gnu/nios2-elf/lib/libc.a(lib_a-freer.o)
                0x00000000041031b0                _malloc_trim_r
 .text._free_r  0x00000000041032d4      0x310 /opt/intelFPGA/18.1/nios2eds/bin/gnu/H-x86_64-pc-linux-gnu/bin/../lib/gcc/nios2-elf/5.3.0/../../../../../H-x86_64-pc-linux-gnu/nios2-elf/lib/libc.a(lib_a-freer.o)
                0x00000000041032d4                _free_r
 .text          0x00000000041035e4        0x0 /opt/intelFPGA/18.1/nios2eds/bin/gnu/H-x86_64-pc-linux-gnu/bin/../lib/gcc/nios2-elf/5.3.0/../../../../../H-x86_64-pc-linux-gnu/nios2-elf/lib/libc.a(lib_a-lseekr.o)
 .text._lseek_r
                0x00000000041035e4       0x60 /opt/intelFPGA/18.1/nios2eds/bin/gnu/H-x86_64-pc-linux-gnu/bin/../lib/gcc/nios2-elf/5.3.0/../../../../../H-x86_64-pc-linux-gnu/nios2-elf/lib/libc.a(lib_a-lseekr.o)
                0x00000000041035e4                _lseek_r
 .text          0x0000000004103644        0x0 /opt/intelFPGA/18.1/nios2eds/bin/gnu/H-x86_64-pc-linux-gnu/bin/../lib/gcc/nios2-elf/5.3.0/../../../../../H-x86_64-pc-linux-gnu/nios2-elf/lib/libc.a(lib_a-makebuf.o)
 .text.__smakebuf_r
                0x0000000004103644      0x1bc /opt/intelFPGA/18.1/nios2eds/bin/gnu/H-x86_64-pc-linux-gnu/bin/../lib/gcc/nios2-elf/5.3.0/../../../../../H-x86_64-pc-linux-gnu/nios2-elf/lib/libc.a(lib_a-makebuf.o)
                0x0000000004103644                __smakebuf_r
 .text          0x0000000004103800        0x0 /opt/intelFPGA/18.1/nios2eds/bin/gnu/H-x86_64-pc-linux-gnu/bin/../lib/gcc/nios2-elf/5.3.0/../../../../../H-x86_64-pc-linux-gnu/nios2-elf/lib/libc.a(lib_a-readr.o)
 .text._read_r  0x0000000004103800       0x60 /opt/intelFPGA/18.1/nios2eds/bin/gnu/H-x86_64-pc-linux-gnu/bin/../lib/gcc/nios2-elf/5.3.0/../../../../../H-x86_64-pc-linux-gnu/nios2-elf/lib/libc.a(lib_a-readr.o)
                0x0000000004103800                _read_r
 .text          0x0000000004103860        0x0 /opt/intelFPGA/18.1/nios2eds/bin/gnu/H-x86_64-pc-linux-gnu/bin/../lib/gcc/nios2-elf/5.3.0/../../../../../H-x86_64-pc-linux-gnu/nios2-elf/lib/libc.a(lib_a-fstatr.o)
 .text._fstat_r
                0x0000000004103860       0x5c /opt/intelFPGA/18.1/nios2eds/bin/gnu/H-x86_64-pc-linux-gnu/bin/../lib/gcc/nios2-elf/5.3.0/../../../../../H-x86_64-pc-linux-gnu/nios2-elf/lib/libc.a(lib_a-fstatr.o)
                0x0000000004103860                _fstat_r
 .text          0x00000000041038bc        0x0 /opt/intelFPGA/18.1/nios2eds/bin/gnu/H-x86_64-pc-linux-gnu/bin/../lib/gcc/nios2-elf/5.3.0/../../../../../H-x86_64-pc-linux-gnu/nios2-elf/lib/libc.a(lib_a-isattyr.o)
 .text._isatty_r
                0x00000000041038bc       0x54 /opt/intelFPGA/18.1/nios2eds/bin/gnu/H-x86_64-pc-linux-gnu/bin/../lib/gcc/nios2-elf/5.3.0/../../../../../H-x86_64-pc-linux-gnu/nios2-elf/lib/libc.a(lib_a-isattyr.o)
                0x00000000041038bc                _isatty_r
 .text          0x0000000004103910       0x60 /opt/intelFPGA/18.1/nios2eds/bin/gnu/H-x86_64-pc-linux-gnu/bin/../lib/gcc/nios2-elf/5.3.0/libgcc.a(_muldi3.o)
                0x0000000004103910                __muldi3
 .text          0x0000000004103970      0x10c /home/vm/Documents/QuartusQuake/sw/cpu1_gamelogic_bsp//libucosii_bsp.a(alt_close.o)
                0x00000000041039ac                close
 .text          0x0000000004103a7c       0x2c /home/vm/Documents/QuartusQuake/sw/cpu1_gamelogic_bsp//libucosii_bsp.a(alt_dev.o)
 .text          0x0000000004103aa8        0x0 /home/vm/Documents/QuartusQuake/sw/cpu1_gamelogic_bsp//libucosii_bsp.a(alt_errno.o)
 .text          0x0000000004103aa8       0xec /home/vm/Documents/QuartusQuake/sw/cpu1_gamelogic_bsp//libucosii_bsp.a(alt_fstat.o)
                0x0000000004103ae4                fstat
 .text          0x0000000004103b94      0x1f4 /home/vm/Documents/QuartusQuake/sw/cpu1_gamelogic_bsp//libucosii_bsp.a(alt_gettod.o)
                0x0000000004103b94                gettimeofday
 .text          0x0000000004103d88      0x1b0 /home/vm/Documents/QuartusQuake/sw/cpu1_gamelogic_bsp//libucosii_bsp.a(alt_iic.o)
                0x0000000004103d88                alt_ic_isr_register
                0x0000000004103dd8                alt_ic_irq_enable
                0x0000000004103e60                alt_ic_irq_disable
                0x0000000004103eec                alt_ic_irq_enabled
 .text          0x0000000004103f38       0xf0 /home/vm/Documents/QuartusQuake/sw/cpu1_gamelogic_bsp//libucosii_bsp.a(alt_iic_isr_register.o)
                0x0000000004103f38                alt_iic_isr_register
 .text          0x0000000004104028        0x0 /home/vm/Documents/QuartusQuake/sw/cpu1_gamelogic_bsp//libucosii_bsp.a(alt_irq_entry.o)
 .text          0x0000000004104028        0x0 /home/vm/Documents/QuartusQuake/sw/cpu1_gamelogic_bsp//libucosii_bsp.a(alt_irq_handler.o)
 .text          0x0000000004104028        0x0 /home/vm/Documents/QuartusQuake/sw/cpu1_gamelogic_bsp//libucosii_bsp.a(alt_irq_vars.o)
 .text          0x0000000004104028       0xe0 /home/vm/Documents/QuartusQuake/sw/cpu1_gamelogic_bsp//libucosii_bsp.a(alt_isatty.o)
                0x0000000004104064                isatty
 .text          0x0000000004104108       0xec /home/vm/Documents/QuartusQuake/sw/cpu1_gamelogic_bsp//libucosii_bsp.a(alt_load.o)
                0x0000000004104170                alt_load
 .text          0x00000000041041f4      0x110 /home/vm/Documents/QuartusQuake/sw/cpu1_gamelogic_bsp//libucosii_bsp.a(alt_lseek.o)
                0x0000000004104230                lseek
 .text          0x0000000004104304       0xbc /home/vm/Documents/QuartusQuake/sw/cpu1_gamelogic_bsp//libucosii_bsp.a(alt_main.o)
                0x0000000004104304                alt_main
 .text          0x00000000041043c0      0x138 /home/vm/Documents/QuartusQuake/sw/cpu1_gamelogic_bsp//libucosii_bsp.a(alt_read.o)
                0x00000000041043fc                read
 .text          0x00000000041044f8       0x64 /home/vm/Documents/QuartusQuake/sw/cpu1_gamelogic_bsp//libucosii_bsp.a(alt_release_fd.o)
                0x00000000041044f8                alt_release_fd
 .text          0x000000000410455c       0xb0 /home/vm/Documents/QuartusQuake/sw/cpu1_gamelogic_bsp//libucosii_bsp.a(alt_sbrk.o)
                0x000000000410455c                sbrk
 .text          0x000000000410460c      0x1a4 /home/vm/Documents/QuartusQuake/sw/cpu1_gamelogic_bsp//libucosii_bsp.a(alt_tick.o)
                0x000000000410460c                alt_alarm_stop
                0x00000000041046a8                alt_tick
 .text          0x00000000041047b0      0x134 /home/vm/Documents/QuartusQuake/sw/cpu1_gamelogic_bsp//libucosii_bsp.a(alt_write.o)
                0x00000000041047ec                write
 .text          0x00000000041048e4      0x124 /home/vm/Documents/QuartusQuake/sw/cpu1_gamelogic_bsp//libucosii_bsp.a(alt_env_lock.o)
                0x00000000041048e4                __env_lock
                0x00000000041049a8                __env_unlock
 .text          0x0000000004104a08      0x1ec /home/vm/Documents/QuartusQuake/sw/cpu1_gamelogic_bsp//libucosii_bsp.a(alt_malloc_lock.o)
                0x0000000004104a08                __malloc_lock
                0x0000000004104b28                __malloc_unlock
 .text          0x0000000004104bf4     0x2014 /home/vm/Documents/QuartusQuake/sw/cpu1_gamelogic_bsp//libucosii_bsp.a(os_core.o)
                0x0000000004104bf4                OSEventNameGet
                0x0000000004104d14                OSEventNameSet
                0x0000000004104e54                OSEventPendMulti
                0x0000000004105464                OSInit
                0x00000000041054bc                OSIntEnter
                0x0000000004105508                OSIntExit
                0x0000000004105600                OSSchedLock
                0x000000000410568c                OSSchedUnlock
                0x0000000004105768                OSStart
                0x00000000041057d8                OSStatInit
                0x0000000004105888                OSTimeTick
                0x0000000004105aa8                OSVersion
                0x0000000004105ac8                OS_Dummy
                0x0000000004105ae8                OS_EventTaskRdy
                0x0000000004105c80                OS_EventTaskWait
                0x0000000004105d90                OS_EventTaskWaitMulti
                0x0000000004105ee0                OS_EventTaskRemove
                0x0000000004105f98                OS_EventTaskRemoveMulti
                0x0000000004106098                OS_EventWaitListInit
                0x0000000004106478                OS_MemClr
                0x00000000041064cc                OS_MemCopy
                0x0000000004106534                OS_Sched
                0x0000000004106678                OS_StrCopy
                0x00000000041066ec                OS_StrLen
                0x0000000004106740                OS_TaskIdle
                0x000000000410679c                OS_TaskStat
                0x0000000004106868                OS_TaskStatStkChk
                0x0000000004106934                OS_TCBInit
 .text          0x0000000004106c08      0x190 /home/vm/Documents/QuartusQuake/sw/cpu1_gamelogic_bsp//libucosii_bsp.a(os_dbg.o)
                0x0000000004106c08                OSDebugInit
 .text          0x0000000004106d98     0x1714 /home/vm/Documents/QuartusQuake/sw/cpu1_gamelogic_bsp//libucosii_bsp.a(os_flag.o)
                0x0000000004106d98                OSFlagAccept
                0x00000000041070a0                OSFlagCreate
                0x00000000041071a8                OSFlagDel
                0x00000000041073f0                OSFlagNameGet
                0x0000000004107518                OSFlagNameSet
                0x0000000004107664                OSFlagPend
                0x0000000004107c1c                OSFlagPendGetFlagsRdy
                0x0000000004107c7c                OSFlagPost
                0x0000000004108010                OSFlagQuery
                0x0000000004108234                OS_FlagInit
                0x0000000004108408                OS_FlagUnlink
 .text          0x00000000041084ac      0x754 /home/vm/Documents/QuartusQuake/sw/cpu1_gamelogic_bsp//libucosii_bsp.a(os_mem.o)
                0x00000000041084ac                OSMemCreate
                0x0000000004108680                OSMemGet
                0x0000000004108770                OSMemNameGet
                0x0000000004108860                OSMemNameSet
                0x0000000004108974                OSMemPut
                0x0000000004108a4c                OSMemQuery
                0x0000000004108b34                OS_MemInit
 .text          0x0000000004108c00     0x1104 /home/vm/Documents/QuartusQuake/sw/cpu1_gamelogic_bsp//libucosii_bsp.a(os_q.o)
                0x0000000004108c00                OSQAccept
                0x0000000004108d40                OSQCreate
                0x0000000004108eec                OSQDel
                0x000000000410916c                OSQFlush
                0x0000000004109224                OSQPend
                0x00000000041094b0                OSQPendAbort
                0x000000000410961c                OSQPost
                0x0000000004109784                OSQPostFront
                0x00000000041098f4                OSQPostOpt
                0x0000000004109b00                OSQQuery
                0x0000000004109c5c                OS_QInit
 .text          0x0000000004109d04      0xa60 /home/vm/Documents/QuartusQuake/sw/cpu1_gamelogic_bsp//libucosii_bsp.a(os_sem.o)
                0x0000000004109d04                OSSemAccept
                0x0000000004109db4                OSSemCreate
                0x0000000004109e8c                OSSemDel
                0x000000000410a0cc                OSSemPend
                0x000000000410a2d8                OSSemPendAbort
                0x000000000410a444                OSSemPost
                0x000000000410a554                OSSemQuery
                0x000000000410a664                OSSemSet
 .text          0x000000000410a764     0x176c /home/vm/Documents/QuartusQuake/sw/cpu1_gamelogic_bsp//libucosii_bsp.a(os_task.o)
                0x000000000410a764                OSTaskChangePrio
                0x000000000410ac54                OSTaskCreate
                0x000000000410ae00                OSTaskCreateExt
                0x000000000410afe4                OSTaskDel
                0x000000000410b328                OSTaskDelReq
                0x000000000410b478                OSTaskNameGet
                0x000000000410b610                OSTaskNameSet
                0x000000000410b7c4                OSTaskResume
                0x000000000410b998                OSTaskStkChk
                0x000000000410bb58                OSTaskSuspend
                0x000000000410bd3c                OSTaskQuery
                0x000000000410be60                OS_TaskStkClr
 .text          0x000000000410bed0      0x4e8 /home/vm/Documents/QuartusQuake/sw/cpu1_gamelogic_bsp//libucosii_bsp.a(os_time.o)
                0x000000000410bed0                OSTimeDly
                0x000000000410bfd4                OSTimeDlyHMSM
                0x000000000410c128                OSTimeDlyResume
                0x000000000410c2fc                OSTimeGet
                0x000000000410c358                OSTimeSet
 .text          0x000000000410c3b8      0x1cc /home/vm/Documents/QuartusQuake/sw/cpu1_gamelogic_bsp//libucosii_bsp.a(alt_sys_init.o)
                0x000000000410c4d0                alt_irq_init
                0x000000000410c508                alt_sys_init
 .text          0x000000000410c584      0x164 /home/vm/Documents/QuartusQuake/sw/cpu1_gamelogic_bsp//libucosii_bsp.a(altera_avalon_jtag_uart_fd.o)
                0x000000000410c584                altera_avalon_jtag_uart_read_fd
                0x000000000410c5e4                altera_avalon_jtag_uart_write_fd
                0x000000000410c644                altera_avalon_jtag_uart_close_fd
                0x000000000410c694                altera_avalon_jtag_uart_ioctl_fd
 .text          0x000000000410c6e8      0x558 /home/vm/Documents/QuartusQuake/sw/cpu1_gamelogic_bsp//libucosii_bsp.a(altera_avalon_jtag_uart_init.o)
                0x000000000410c6e8                altera_avalon_jtag_uart_init
                0x000000000410cbd8                altera_avalon_jtag_uart_close
 .text          0x000000000410cc40       0xf0 /home/vm/Documents/QuartusQuake/sw/cpu1_gamelogic_bsp//libucosii_bsp.a(altera_avalon_jtag_uart_ioctl.o)
                0x000000000410cc40                altera_avalon_jtag_uart_ioctl
 .text          0x000000000410cd30      0x2bc /home/vm/Documents/QuartusQuake/sw/cpu1_gamelogic_bsp//libucosii_bsp.a(altera_avalon_jtag_uart_read.o)
                0x000000000410cd30                altera_avalon_jtag_uart_read
 .text          0x000000000410cfec      0x2c4 /home/vm/Documents/QuartusQuake/sw/cpu1_gamelogic_bsp//libucosii_bsp.a(altera_avalon_jtag_uart_write.o)
                0x000000000410cfec                altera_avalon_jtag_uart_write
 .text          0x000000000410d2b0      0x9c4 /home/vm/Documents/QuartusQuake/sw/cpu1_gamelogic_bsp//libucosii_bsp.a(altera_avalon_mailbox_simple.o)
                0x000000000410d598                altera_avalon_mailbox_simple_init
                0x000000000410d63c                altera_avalon_mailbox_open
                0x000000000410d820                altera_avalon_mailbox_close
                0x000000000410d938                altera_avalon_mailbox_status
                0x000000000410d9b0                altera_avalon_mailbox_send
                0x000000000410db38                altera_avalon_mailbox_retrieve_poll
 .text          0x000000000410dc74      0x34c /home/vm/Documents/QuartusQuake/sw/cpu1_gamelogic_bsp//libucosii_bsp.a(altera_avalon_mutex.o)
                0x000000000410dd2c                altera_avalon_mutex_open
                0x000000000410dd80                altera_avalon_mutex_close
                0x000000000410dda4                altera_avalon_mutex_lock
                0x000000000410de10                altera_avalon_mutex_trylock
                0x000000000410de90                altera_avalon_mutex_unlock
                0x000000000410defc                altera_avalon_mutex_is_mine
                0x000000000410df70                altera_avalon_mutex_first_lock
 .text          0x000000000410dfc0       0xf4 /home/vm/Documents/QuartusQuake/sw/cpu1_gamelogic_bsp//libucosii_bsp.a(altera_avalon_timer_sc.o)
                0x000000000410e038                alt_avalon_timer_sc_init
 .text          0x000000000410e0b4      0x12c /home/vm/Documents/QuartusQuake/sw/cpu1_gamelogic_bsp//libucosii_bsp.a(alt_alarm_start.o)
                0x000000000410e0b4                alt_alarm_start
 .text          0x000000000410e1e0       0x48 /home/vm/Documents/QuartusQuake/sw/cpu1_gamelogic_bsp//libucosii_bsp.a(alt_dcache_flush_all.o)
                0x000000000410e1e0                alt_dcache_flush_all
 .text          0x000000000410e228       0xe0 /home/vm/Documents/QuartusQuake/sw/cpu1_gamelogic_bsp//libucosii_bsp.a(alt_dev_llist_insert.o)
                0x000000000410e264                alt_dev_llist_insert
 .text          0x000000000410e308       0x60 /home/vm/Documents/QuartusQuake/sw/cpu1_gamelogic_bsp//libucosii_bsp.a(alt_do_ctors.o)
                0x000000000410e308                _do_ctors
 .text          0x000000000410e368       0x60 /home/vm/Documents/QuartusQuake/sw/cpu1_gamelogic_bsp//libucosii_bsp.a(alt_do_dtors.o)
                0x000000000410e368                _do_dtors
 .text          0x000000000410e3c8        0x0 /home/vm/Documents/QuartusQuake/sw/cpu1_gamelogic_bsp//libucosii_bsp.a(alt_exception_entry.o)
 .text          0x000000000410e3c8       0x90 /home/vm/Documents/QuartusQuake/sw/cpu1_gamelogic_bsp//libucosii_bsp.a(alt_find_dev.o)
                0x000000000410e3c8                alt_find_dev
 .text          0x000000000410e458       0x34 /home/vm/Documents/QuartusQuake/sw/cpu1_gamelogic_bsp//libucosii_bsp.a(alt_icache_flush_all.o)
                0x000000000410e458                alt_icache_flush_all
 .text          0x000000000410e48c       0x9c /home/vm/Documents/QuartusQuake/sw/cpu1_gamelogic_bsp//libucosii_bsp.a(alt_instruction_exception_entry.o)
                0x000000000410e48c                alt_exception_cause_generated_bad_addr
 .text          0x000000000410e528      0x140 /home/vm/Documents/QuartusQuake/sw/cpu1_gamelogic_bsp//libucosii_bsp.a(alt_io_redirect.o)
                0x000000000410e5ec                alt_io_redirect
 .text          0x000000000410e668      0x254 /home/vm/Documents/QuartusQuake/sw/cpu1_gamelogic_bsp//libucosii_bsp.a(alt_open.o)
                0x000000000410e768                open
 .text          0x000000000410e8bc       0x24 /home/vm/Documents/QuartusQuake/sw/cpu1_gamelogic_bsp//libucosii_bsp.a(altera_nios2_gen2_irq.o)
                0x000000000410e8bc                altera_nios2_gen2_irq_init
 .text          0x000000000410e8e0       0xd0 /home/vm/Documents/QuartusQuake/sw/cpu1_gamelogic_bsp//libucosii_bsp.a(os_cpu_a.o)
                0x000000000410e8e0                OSCtxSw
                0x000000000410e8e0                OSIntCtxSw
                0x000000000410e96c                OSStartHighRdy
                0x000000000410e98c                OSStartTsk
 .text          0x000000000410e9b0      0x288 /home/vm/Documents/QuartusQuake/sw/cpu1_gamelogic_bsp//libucosii_bsp.a(os_cpu_c.o)
                0x000000000410e9b0                OSTaskStkInit
                0x000000000410eb0c                OSTaskCreateHook
                0x000000000410eb30                OSTaskDelHook
                0x000000000410eb54                OSTaskSwHook
                0x000000000410eb74                OSTaskStatHook
                0x000000000410eb94                OSTimeTickHook
                0x000000000410ebb4                OSInitHookBegin
                0x000000000410ebd4                OSInitHookEnd
                0x000000000410ebf4                OSTaskIdleHook
                0x000000000410ec14                OSTCBInitHook
 .text          0x000000000410ec38      0x108 /home/vm/Documents/QuartusQuake/sw/cpu1_gamelogic_bsp//libucosii_bsp.a(alt_find_file.o)
                0x000000000410ec38                alt_find_file
 .text          0x000000000410ed40       0xdc /home/vm/Documents/QuartusQuake/sw/cpu1_gamelogic_bsp//libucosii_bsp.a(alt_get_fd.o)
                0x000000000410ed40                alt_get_fd
 .text          0x000000000410ee1c       0x90 /home/vm/Documents/QuartusQuake/sw/cpu1_gamelogic_bsp//libucosii_bsp.a(alt_icache_flush.o)
                0x000000000410ee1c                alt_icache_flush
 .text          0x000000000410eeac        0x0 /opt/intelFPGA/18.1/nios2eds/bin/gnu/H-x86_64-pc-linux-gnu/bin/../lib/gcc/nios2-elf/5.3.0/../../../../../H-x86_64-pc-linux-gnu/nios2-elf/lib/libc.a(lib_a-atexit.o)
 .text.atexit   0x000000000410eeac       0x14 /opt/intelFPGA/18.1/nios2eds/bin/gnu/H-x86_64-pc-linux-gnu/bin/../lib/gcc/nios2-elf/5.3.0/../../../../../H-x86_64-pc-linux-gnu/nios2-elf/lib/libc.a(lib_a-atexit.o)
                0x000000000410eeac                atexit
 .text          0x000000000410eec0        0x0 /opt/intelFPGA/18.1/nios2eds/bin/gnu/H-x86_64-pc-linux-gnu/bin/../lib/gcc/nios2-elf/5.3.0/../../../../../H-x86_64-pc-linux-gnu/nios2-elf/lib/libc.a(lib_a-exit.o)
 .text.exit     0x000000000410eec0       0x38 /opt/intelFPGA/18.1/nios2eds/bin/gnu/H-x86_64-pc-linux-gnu/bin/../lib/gcc/nios2-elf/5.3.0/../../../../../H-x86_64-pc-linux-gnu/nios2-elf/lib/libc.a(lib_a-exit.o)
                0x000000000410eec0                exit
 .text          0x000000000410eef8        0x0 /opt/intelFPGA/18.1/nios2eds/bin/gnu/H-x86_64-pc-linux-gnu/bin/../lib/gcc/nios2-elf/5.3.0/../../../../../H-x86_64-pc-linux-gnu/nios2-elf/lib/libc.a(lib_a-memcmp.o)
 .text.memcmp   0x000000000410eef8       0x7c /opt/intelFPGA/18.1/nios2eds/bin/gnu/H-x86_64-pc-linux-gnu/bin/../lib/gcc/nios2-elf/5.3.0/../../../../../H-x86_64-pc-linux-gnu/nios2-elf/lib/libc.a(lib_a-memcmp.o)
                0x000000000410eef8                memcmp
 .text          0x000000000410ef74        0x0 /opt/intelFPGA/18.1/nios2eds/bin/gnu/H-x86_64-pc-linux-gnu/bin/../lib/gcc/nios2-elf/5.3.0/../../../../../H-x86_64-pc-linux-gnu/nios2-elf/lib/libc.a(lib_a-__atexit.o)
 .text.__register_exitproc
                0x000000000410ef74      0x118 /opt/intelFPGA/18.1/nios2eds/bin/gnu/H-x86_64-pc-linux-gnu/bin/../lib/gcc/nios2-elf/5.3.0/../../../../../H-x86_64-pc-linux-gnu/nios2-elf/lib/libc.a(lib_a-__atexit.o)
                0x000000000410ef74                __register_exitproc
 .text          0x000000000410f08c        0x0 /opt/intelFPGA/18.1/nios2eds/bin/gnu/H-x86_64-pc-linux-gnu/bin/../lib/gcc/nios2-elf/5.3.0/../../../../../H-x86_64-pc-linux-gnu/nios2-elf/lib/libc.a(lib_a-__call_atexit.o)
 .text.__call_exitprocs
                0x000000000410f08c      0x180 /opt/intelFPGA/18.1/nios2eds/bin/gnu/H-x86_64-pc-linux-gnu/bin/../lib/gcc/nios2-elf/5.3.0/../../../../../H-x86_64-pc-linux-gnu/nios2-elf/lib/libc.a(lib_a-__call_atexit.o)
                0x000000000410f08c                __call_exitprocs
 .text          0x000000000410f20c      0x538 /opt/intelFPGA/18.1/nios2eds/bin/gnu/H-x86_64-pc-linux-gnu/bin/../lib/gcc/nios2-elf/5.3.0/libgcc.a(_umoddi3.o)
                0x000000000410f20c                __umoddi3
 .text          0x000000000410f744        0x0 /opt/intelFPGA/18.1/nios2eds/bin/gnu/H-x86_64-pc-linux-gnu/bin/../lib/gcc/nios2-elf/5.3.0/libgcc.a(_clz.o)
 .text          0x000000000410f744       0x34 /home/vm/Documents/QuartusQuake/sw/cpu1_gamelogic_bsp//libucosii_bsp.a(alt_exit.o)
                0x000000000410f744                _exit
 *(.gnu.warning.*)
 *(.fini)
                [!provide]                        PROVIDE (__etext, ABSOLUTE (.))
                [!provide]                        PROVIDE (_etext, ABSOLUTE (.))
                [!provide]                        PROVIDE (etext, ABSOLUTE (.))
 *(.eh_frame_hdr)
                0x000000000410f778                . = ALIGN (0x4)
                [!provide]                        PROVIDE (__preinit_array_start, ABSOLUTE (.))
 *(.preinit_array)
                [!provide]                        PROVIDE (__preinit_array_end, ABSOLUTE (.))
                [!provide]                        PROVIDE (__init_array_start, ABSOLUTE (.))
 *(.init_array)
                [!provide]                        PROVIDE (__init_array_end, ABSOLUTE (.))
                [!provide]                        PROVIDE (__fini_array_start, ABSOLUTE (.))
 *(.fini_array)
                [!provide]                        PROVIDE (__fini_array_end, ABSOLUTE (.))
 *(.eh_frame)
 *(.gcc_except_table .gcc_except_table.*)
 *(.dynamic)
                0x000000000410f778                PROVIDE (__CTOR_LIST__, ABSOLUTE (.))
 *(.ctors)
 *(SORT(.ctors.*))
                0x000000000410f778                PROVIDE (__CTOR_END__, ABSOLUTE (.))
                0x000000000410f778                PROVIDE (__DTOR_LIST__, ABSOLUTE (.))
 *(.dtors)
 *(SORT(.dtors.*))
                0x000000000410f778                PROVIDE (__DTOR_END__, ABSOLUTE (.))
 *(.jcr)
                0x000000000410f778                . = ALIGN (0x4)

.rodata         0x000000000410f778      0x2a4
                0x000000000410f778                PROVIDE (__ram_rodata_start, ABSOLUTE (.))
                0x000000000410f778                . = ALIGN (0x4)
 *(.rodata .rodata.* .gnu.linkonce.r.*)
 .rodata        0x000000000410f778       0x19 obj/default/hello_ucosii.o
 *fill*         0x000000000410f791        0x3 
 .rodata.str1.4
                0x000000000410f794        0x2 /opt/intelFPGA/18.1/nios2eds/bin/gnu/H-x86_64-pc-linux-gnu/bin/../lib/gcc/nios2-elf/5.3.0/../../../../../H-x86_64-pc-linux-gnu/nios2-elf/lib/libc.a(lib_a-puts.o)
 *fill*         0x000000000410f796        0x2 
 .rodata.str1.4
                0x000000000410f798        0x4 /opt/intelFPGA/18.1/nios2eds/bin/gnu/H-x86_64-pc-linux-gnu/bin/../lib/gcc/nios2-elf/5.3.0/../../../../../H-x86_64-pc-linux-gnu/nios2-elf/lib/libc.a(lib_a-impure.o)
                                          0x2 (size before relaxing)
 .rodata        0x000000000410f79c        0xa /home/vm/Documents/QuartusQuake/sw/cpu1_gamelogic_bsp//libucosii_bsp.a(alt_dev.o)
 *fill*         0x000000000410f7a6        0x2 
 .rodata        0x000000000410f7a8       0x11 /home/vm/Documents/QuartusQuake/sw/cpu1_gamelogic_bsp//libucosii_bsp.a(alt_main.o)
 *fill*         0x000000000410f7b9        0x3 
 .rodata        0x000000000410f7bc      0x11e /home/vm/Documents/QuartusQuake/sw/cpu1_gamelogic_bsp//libucosii_bsp.a(os_core.o)
                0x000000000410f7bc                OSUnMapTbl
 *fill*         0x000000000410f8da        0x2 
 .rodata        0x000000000410f8dc       0x39 /home/vm/Documents/QuartusQuake/sw/cpu1_gamelogic_bsp//libucosii_bsp.a(alt_sys_init.o)
 *fill*         0x000000000410f915        0x3 
 .rodata        0x000000000410f918        0x2 /home/vm/Documents/QuartusQuake/sw/cpu1_gamelogic_bsp//libucosii_bsp.a(os_cpu_c.o)
 .rodata        0x000000000410f91a      0x100 /opt/intelFPGA/18.1/nios2eds/bin/gnu/H-x86_64-pc-linux-gnu/bin/../lib/gcc/nios2-elf/5.3.0/libgcc.a(_clz.o)
                0x000000000410f91a                __clz_tab
 *(.rodata1)
                0x000000000410fa1c                . = ALIGN (0x4)
 *fill*         0x000000000410fa1a        0x2 
                0x000000000410fa1c                PROVIDE (__ram_rodata_end, ABSOLUTE (.))
                0x000000000410f778                PROVIDE (__flash_rodata_start, LOADADDR (.rodata))

.rwdata         0x000000000410fa1c     0x1b64 load address 0x0000000004111580
                0x000000000410fa1c                PROVIDE (__ram_rwdata_start, ABSOLUTE (.))
                0x000000000410fa1c                . = ALIGN (0x4)
 *(.got.plt)
 *(.got)
 *(.data1)
 *(.data .data.* .gnu.linkonce.d.*)
 .data          0x000000000410fa1c        0x0 /home/vm/Documents/QuartusQuake/sw/cpu1_gamelogic_bsp//obj/HAL/src/crt0.o
 .data          0x000000000410fa1c        0x0 obj/default/hello_ucosii.o
 .data          0x000000000410fa1c        0x0 /opt/intelFPGA/18.1/nios2eds/bin/gnu/H-x86_64-pc-linux-gnu/bin/../lib/gcc/nios2-elf/5.3.0/libgcc.a(lib2-divmod.o)
 .data          0x000000000410fa1c        0x0 /opt/intelFPGA/18.1/nios2eds/bin/gnu/H-x86_64-pc-linux-gnu/bin/../lib/gcc/nios2-elf/5.3.0/../../../../../H-x86_64-pc-linux-gnu/nios2-elf/lib/libc.a(lib_a-memcpy.o)
 .data          0x000000000410fa1c        0x0 /opt/intelFPGA/18.1/nios2eds/bin/gnu/H-x86_64-pc-linux-gnu/bin/../lib/gcc/nios2-elf/5.3.0/../../../../../H-x86_64-pc-linux-gnu/nios2-elf/lib/libc.a(lib_a-puts.o)
 .data          0x000000000410fa1c        0x0 /opt/intelFPGA/18.1/nios2eds/bin/gnu/H-x86_64-pc-linux-gnu/bin/../lib/gcc/nios2-elf/5.3.0/../../../../../H-x86_64-pc-linux-gnu/nios2-elf/lib/libc.a(lib_a-rand.o)
 .data          0x000000000410fa1c        0x0 /opt/intelFPGA/18.1/nios2eds/bin/gnu/H-x86_64-pc-linux-gnu/bin/../lib/gcc/nios2-elf/5.3.0/../../../../../H-x86_64-pc-linux-gnu/nios2-elf/lib/libc.a(lib_a-strlen.o)
 .data          0x000000000410fa1c        0x0 /opt/intelFPGA/18.1/nios2eds/bin/gnu/H-x86_64-pc-linux-gnu/bin/../lib/gcc/nios2-elf/5.3.0/../../../../../H-x86_64-pc-linux-gnu/nios2-elf/lib/libc.a(lib_a-time.o)
 .data          0x000000000410fa1c        0x0 /opt/intelFPGA/18.1/nios2eds/bin/gnu/H-x86_64-pc-linux-gnu/bin/../lib/gcc/nios2-elf/5.3.0/../../../../../H-x86_64-pc-linux-gnu/nios2-elf/lib/libc.a(lib_a-findfp.o)
 .data          0x000000000410fa1c        0x0 /opt/intelFPGA/18.1/nios2eds/bin/gnu/H-x86_64-pc-linux-gnu/bin/../lib/gcc/nios2-elf/5.3.0/../../../../../H-x86_64-pc-linux-gnu/nios2-elf/lib/libc.a(lib_a-fvwrite.o)
 .data          0x000000000410fa1c        0x0 /opt/intelFPGA/18.1/nios2eds/bin/gnu/H-x86_64-pc-linux-gnu/bin/../lib/gcc/nios2-elf/5.3.0/../../../../../H-x86_64-pc-linux-gnu/nios2-elf/lib/libc.a(lib_a-fwalk.o)
 .data          0x000000000410fa1c        0x0 /opt/intelFPGA/18.1/nios2eds/bin/gnu/H-x86_64-pc-linux-gnu/bin/../lib/gcc/nios2-elf/5.3.0/../../../../../H-x86_64-pc-linux-gnu/nios2-elf/lib/libc.a(lib_a-gettimeofdayr.o)
 .data          0x000000000410fa1c        0x0 /opt/intelFPGA/18.1/nios2eds/bin/gnu/H-x86_64-pc-linux-gnu/bin/../lib/gcc/nios2-elf/5.3.0/../../../../../H-x86_64-pc-linux-gnu/nios2-elf/lib/libc.a(lib_a-impure.o)
 .data.impure_data
                0x000000000410fa1c      0x424 /opt/intelFPGA/18.1/nios2eds/bin/gnu/H-x86_64-pc-linux-gnu/bin/../lib/gcc/nios2-elf/5.3.0/../../../../../H-x86_64-pc-linux-gnu/nios2-elf/lib/libc.a(lib_a-impure.o)
 .data          0x000000000410fe40        0x0 /opt/intelFPGA/18.1/nios2eds/bin/gnu/H-x86_64-pc-linux-gnu/bin/../lib/gcc/nios2-elf/5.3.0/../../../../../H-x86_64-pc-linux-gnu/nios2-elf/lib/libc.a(lib_a-int_errno.o)
 .data          0x000000000410fe40        0x0 /opt/intelFPGA/18.1/nios2eds/bin/gnu/H-x86_64-pc-linux-gnu/bin/../lib/gcc/nios2-elf/5.3.0/../../../../../H-x86_64-pc-linux-gnu/nios2-elf/lib/libc.a(lib_a-mallocr.o)
 .data.__malloc_av_
                0x000000000410fe40      0x408 /opt/intelFPGA/18.1/nios2eds/bin/gnu/H-x86_64-pc-linux-gnu/bin/../lib/gcc/nios2-elf/5.3.0/../../../../../H-x86_64-pc-linux-gnu/nios2-elf/lib/libc.a(lib_a-mallocr.o)
                0x000000000410fe40                __malloc_av_
 .data          0x0000000004110248        0x0 /opt/intelFPGA/18.1/nios2eds/bin/gnu/H-x86_64-pc-linux-gnu/bin/../lib/gcc/nios2-elf/5.3.0/../../../../../H-x86_64-pc-linux-gnu/nios2-elf/lib/libc.a(lib_a-memchr.o)
 .data          0x0000000004110248        0x0 /opt/intelFPGA/18.1/nios2eds/bin/gnu/H-x86_64-pc-linux-gnu/bin/../lib/gcc/nios2-elf/5.3.0/../../../../../H-x86_64-pc-linux-gnu/nios2-elf/lib/libc.a(lib_a-memmove.o)
 .data          0x0000000004110248        0x0 /opt/intelFPGA/18.1/nios2eds/bin/gnu/H-x86_64-pc-linux-gnu/bin/../lib/gcc/nios2-elf/5.3.0/../../../../../H-x86_64-pc-linux-gnu/nios2-elf/lib/libc.a(lib_a-memset.o)
 .data          0x0000000004110248        0x0 /opt/intelFPGA/18.1/nios2eds/bin/gnu/H-x86_64-pc-linux-gnu/bin/../lib/gcc/nios2-elf/5.3.0/../../../../../H-x86_64-pc-linux-gnu/nios2-elf/lib/libc.a(lib_a-reallocr.o)
 .data          0x0000000004110248        0x0 /opt/intelFPGA/18.1/nios2eds/bin/gnu/H-x86_64-pc-linux-gnu/bin/../lib/gcc/nios2-elf/5.3.0/../../../../../H-x86_64-pc-linux-gnu/nios2-elf/lib/libc.a(lib_a-sbrkr.o)
 .data          0x0000000004110248        0x0 /opt/intelFPGA/18.1/nios2eds/bin/gnu/H-x86_64-pc-linux-gnu/bin/../lib/gcc/nios2-elf/5.3.0/../../../../../H-x86_64-pc-linux-gnu/nios2-elf/lib/libc.a(lib_a-stdio.o)
 .data          0x0000000004110248        0x0 /opt/intelFPGA/18.1/nios2eds/bin/gnu/H-x86_64-pc-linux-gnu/bin/../lib/gcc/nios2-elf/5.3.0/../../../../../H-x86_64-pc-linux-gnu/nios2-elf/lib/libc.a(lib_a-writer.o)
 .data          0x0000000004110248        0x0 /opt/intelFPGA/18.1/nios2eds/bin/gnu/H-x86_64-pc-linux-gnu/bin/../lib/gcc/nios2-elf/5.3.0/../../../../../H-x86_64-pc-linux-gnu/nios2-elf/lib/libc.a(lib_a-wsetup.o)
 .data          0x0000000004110248        0x0 /opt/intelFPGA/18.1/nios2eds/bin/gnu/H-x86_64-pc-linux-gnu/bin/../lib/gcc/nios2-elf/5.3.0/../../../../../H-x86_64-pc-linux-gnu/nios2-elf/lib/libc.a(closer.o)
 .data          0x0000000004110248        0x0 /opt/intelFPGA/18.1/nios2eds/bin/gnu/H-x86_64-pc-linux-gnu/bin/../lib/gcc/nios2-elf/5.3.0/../../../../../H-x86_64-pc-linux-gnu/nios2-elf/lib/libc.a(lib_a-fclose.o)
 .data          0x0000000004110248        0x0 /opt/intelFPGA/18.1/nios2eds/bin/gnu/H-x86_64-pc-linux-gnu/bin/../lib/gcc/nios2-elf/5.3.0/../../../../../H-x86_64-pc-linux-gnu/nios2-elf/lib/libc.a(lib_a-fflush.o)
 .data          0x0000000004110248        0x0 /opt/intelFPGA/18.1/nios2eds/bin/gnu/H-x86_64-pc-linux-gnu/bin/../lib/gcc/nios2-elf/5.3.0/../../../../../H-x86_64-pc-linux-gnu/nios2-elf/lib/libc.a(lib_a-freer.o)
 .data          0x0000000004110248        0x0 /opt/intelFPGA/18.1/nios2eds/bin/gnu/H-x86_64-pc-linux-gnu/bin/../lib/gcc/nios2-elf/5.3.0/../../../../../H-x86_64-pc-linux-gnu/nios2-elf/lib/libc.a(lib_a-lseekr.o)
 .data          0x0000000004110248        0x0 /opt/intelFPGA/18.1/nios2eds/bin/gnu/H-x86_64-pc-linux-gnu/bin/../lib/gcc/nios2-elf/5.3.0/../../../../../H-x86_64-pc-linux-gnu/nios2-elf/lib/libc.a(lib_a-makebuf.o)
 .data          0x0000000004110248        0x0 /opt/intelFPGA/18.1/nios2eds/bin/gnu/H-x86_64-pc-linux-gnu/bin/../lib/gcc/nios2-elf/5.3.0/../../../../../H-x86_64-pc-linux-gnu/nios2-elf/lib/libc.a(lib_a-readr.o)
 .data          0x0000000004110248        0x0 /opt/intelFPGA/18.1/nios2eds/bin/gnu/H-x86_64-pc-linux-gnu/bin/../lib/gcc/nios2-elf/5.3.0/../../../../../H-x86_64-pc-linux-gnu/nios2-elf/lib/libc.a(lib_a-fstatr.o)
 .data          0x0000000004110248        0x0 /opt/intelFPGA/18.1/nios2eds/bin/gnu/H-x86_64-pc-linux-gnu/bin/../lib/gcc/nios2-elf/5.3.0/../../../../../H-x86_64-pc-linux-gnu/nios2-elf/lib/libc.a(lib_a-isattyr.o)
 .data          0x0000000004110248        0x0 /opt/intelFPGA/18.1/nios2eds/bin/gnu/H-x86_64-pc-linux-gnu/bin/../lib/gcc/nios2-elf/5.3.0/libgcc.a(_muldi3.o)
 .data          0x0000000004110248        0x0 /home/vm/Documents/QuartusQuake/sw/cpu1_gamelogic_bsp//libucosii_bsp.a(alt_close.o)
 .data          0x0000000004110248      0x1a8 /home/vm/Documents/QuartusQuake/sw/cpu1_gamelogic_bsp//libucosii_bsp.a(alt_dev.o)
                0x0000000004110248                alt_dev_null
                0x0000000004110270                alt_fd_list
 .data          0x00000000041103f0        0x0 /home/vm/Documents/QuartusQuake/sw/cpu1_gamelogic_bsp//libucosii_bsp.a(alt_errno.o)
 .data          0x00000000041103f0        0x0 /home/vm/Documents/QuartusQuake/sw/cpu1_gamelogic_bsp//libucosii_bsp.a(alt_fstat.o)
 .data          0x00000000041103f0        0x0 /home/vm/Documents/QuartusQuake/sw/cpu1_gamelogic_bsp//libucosii_bsp.a(alt_gettod.o)
 .data          0x00000000041103f0        0x0 /home/vm/Documents/QuartusQuake/sw/cpu1_gamelogic_bsp//libucosii_bsp.a(alt_iic.o)
 .data          0x00000000041103f0        0x0 /home/vm/Documents/QuartusQuake/sw/cpu1_gamelogic_bsp//libucosii_bsp.a(alt_iic_isr_register.o)
 .data          0x00000000041103f0        0x0 /home/vm/Documents/QuartusQuake/sw/cpu1_gamelogic_bsp//libucosii_bsp.a(alt_irq_entry.o)
 .data          0x00000000041103f0        0x0 /home/vm/Documents/QuartusQuake/sw/cpu1_gamelogic_bsp//libucosii_bsp.a(alt_irq_handler.o)
 .data          0x00000000041103f0        0x0 /home/vm/Documents/QuartusQuake/sw/cpu1_gamelogic_bsp//libucosii_bsp.a(alt_irq_vars.o)
 .data          0x00000000041103f0        0x0 /home/vm/Documents/QuartusQuake/sw/cpu1_gamelogic_bsp//libucosii_bsp.a(alt_isatty.o)
 .data          0x00000000041103f0        0x0 /home/vm/Documents/QuartusQuake/sw/cpu1_gamelogic_bsp//libucosii_bsp.a(alt_load.o)
 .data          0x00000000041103f0        0x0 /home/vm/Documents/QuartusQuake/sw/cpu1_gamelogic_bsp//libucosii_bsp.a(alt_lseek.o)
 .data          0x00000000041103f0        0x0 /home/vm/Documents/QuartusQuake/sw/cpu1_gamelogic_bsp//libucosii_bsp.a(alt_main.o)
 .data          0x00000000041103f0        0x0 /home/vm/Documents/QuartusQuake/sw/cpu1_gamelogic_bsp//libucosii_bsp.a(alt_read.o)
 .data          0x00000000041103f0        0x0 /home/vm/Documents/QuartusQuake/sw/cpu1_gamelogic_bsp//libucosii_bsp.a(alt_release_fd.o)
 .data          0x00000000041103f0        0x0 /home/vm/Documents/QuartusQuake/sw/cpu1_gamelogic_bsp//libucosii_bsp.a(alt_sbrk.o)
 .data          0x00000000041103f0        0x0 /home/vm/Documents/QuartusQuake/sw/cpu1_gamelogic_bsp//libucosii_bsp.a(alt_tick.o)
 .data          0x00000000041103f0        0x0 /home/vm/Documents/QuartusQuake/sw/cpu1_gamelogic_bsp//libucosii_bsp.a(alt_write.o)
 .data          0x00000000041103f0        0x0 /home/vm/Documents/QuartusQuake/sw/cpu1_gamelogic_bsp//libucosii_bsp.a(alt_env_lock.o)
 .data          0x00000000041103f0        0x0 /home/vm/Documents/QuartusQuake/sw/cpu1_gamelogic_bsp//libucosii_bsp.a(alt_malloc_lock.o)
 .data          0x00000000041103f0        0x0 /home/vm/Documents/QuartusQuake/sw/cpu1_gamelogic_bsp//libucosii_bsp.a(os_core.o)
 .data          0x00000000041103f0        0x0 /home/vm/Documents/QuartusQuake/sw/cpu1_gamelogic_bsp//libucosii_bsp.a(os_dbg.o)
 .data          0x00000000041103f0        0x0 /home/vm/Documents/QuartusQuake/sw/cpu1_gamelogic_bsp//libucosii_bsp.a(os_flag.o)
 .data          0x00000000041103f0        0x0 /home/vm/Documents/QuartusQuake/sw/cpu1_gamelogic_bsp//libucosii_bsp.a(os_mem.o)
 .data          0x00000000041103f0        0x0 /home/vm/Documents/QuartusQuake/sw/cpu1_gamelogic_bsp//libucosii_bsp.a(os_q.o)
 .data          0x00000000041103f0        0x0 /home/vm/Documents/QuartusQuake/sw/cpu1_gamelogic_bsp//libucosii_bsp.a(os_sem.o)
 .data          0x00000000041103f0        0x0 /home/vm/Documents/QuartusQuake/sw/cpu1_gamelogic_bsp//libucosii_bsp.a(os_task.o)
 .data          0x00000000041103f0        0x0 /home/vm/Documents/QuartusQuake/sw/cpu1_gamelogic_bsp//libucosii_bsp.a(os_time.o)
 .data          0x00000000041103f0     0x10cc /home/vm/Documents/QuartusQuake/sw/cpu1_gamelogic_bsp//libucosii_bsp.a(alt_sys_init.o)
 .data          0x00000000041114bc        0x0 /home/vm/Documents/QuartusQuake/sw/cpu1_gamelogic_bsp//libucosii_bsp.a(altera_avalon_jtag_uart_fd.o)
 .data          0x00000000041114bc        0x0 /home/vm/Documents/QuartusQuake/sw/cpu1_gamelogic_bsp//libucosii_bsp.a(altera_avalon_jtag_uart_init.o)
 .data          0x00000000041114bc        0x0 /home/vm/Documents/QuartusQuake/sw/cpu1_gamelogic_bsp//libucosii_bsp.a(altera_avalon_jtag_uart_ioctl.o)
 .data          0x00000000041114bc        0x0 /home/vm/Documents/QuartusQuake/sw/cpu1_gamelogic_bsp//libucosii_bsp.a(altera_avalon_jtag_uart_read.o)
 .data          0x00000000041114bc        0x0 /home/vm/Documents/QuartusQuake/sw/cpu1_gamelogic_bsp//libucosii_bsp.a(altera_avalon_jtag_uart_write.o)
 .data          0x00000000041114bc        0x0 /home/vm/Documents/QuartusQuake/sw/cpu1_gamelogic_bsp//libucosii_bsp.a(altera_avalon_mailbox_simple.o)
 .data          0x00000000041114bc        0x0 /home/vm/Documents/QuartusQuake/sw/cpu1_gamelogic_bsp//libucosii_bsp.a(altera_avalon_mutex.o)
 .data          0x00000000041114bc        0x0 /home/vm/Documents/QuartusQuake/sw/cpu1_gamelogic_bsp//libucosii_bsp.a(altera_avalon_timer_sc.o)
 .data          0x00000000041114bc        0x0 /home/vm/Documents/QuartusQuake/sw/cpu1_gamelogic_bsp//libucosii_bsp.a(alt_alarm_start.o)
 .data          0x00000000041114bc        0x0 /home/vm/Documents/QuartusQuake/sw/cpu1_gamelogic_bsp//libucosii_bsp.a(alt_dcache_flush_all.o)
 .data          0x00000000041114bc        0x0 /home/vm/Documents/QuartusQuake/sw/cpu1_gamelogic_bsp//libucosii_bsp.a(alt_dev_llist_insert.o)
 .data          0x00000000041114bc        0x0 /home/vm/Documents/QuartusQuake/sw/cpu1_gamelogic_bsp//libucosii_bsp.a(alt_do_ctors.o)
 .data          0x00000000041114bc        0x0 /home/vm/Documents/QuartusQuake/sw/cpu1_gamelogic_bsp//libucosii_bsp.a(alt_do_dtors.o)
 .data          0x00000000041114bc        0x0 /home/vm/Documents/QuartusQuake/sw/cpu1_gamelogic_bsp//libucosii_bsp.a(alt_exception_entry.o)
 .data          0x00000000041114bc        0x0 /home/vm/Documents/QuartusQuake/sw/cpu1_gamelogic_bsp//libucosii_bsp.a(alt_find_dev.o)
 .data          0x00000000041114bc        0x0 /home/vm/Documents/QuartusQuake/sw/cpu1_gamelogic_bsp//libucosii_bsp.a(alt_icache_flush_all.o)
 .data          0x00000000041114bc        0x0 /home/vm/Documents/QuartusQuake/sw/cpu1_gamelogic_bsp//libucosii_bsp.a(alt_instruction_exception_entry.o)
 .data          0x00000000041114bc        0x0 /home/vm/Documents/QuartusQuake/sw/cpu1_gamelogic_bsp//libucosii_bsp.a(alt_io_redirect.o)
 .data          0x00000000041114bc        0x0 /home/vm/Documents/QuartusQuake/sw/cpu1_gamelogic_bsp//libucosii_bsp.a(alt_open.o)
 .data          0x00000000041114bc        0x0 /home/vm/Documents/QuartusQuake/sw/cpu1_gamelogic_bsp//libucosii_bsp.a(altera_nios2_gen2_irq.o)
 .data          0x00000000041114bc        0x0 /home/vm/Documents/QuartusQuake/sw/cpu1_gamelogic_bsp//libucosii_bsp.a(os_cpu_a.o)
 .data          0x00000000041114bc        0x0 /home/vm/Documents/QuartusQuake/sw/cpu1_gamelogic_bsp//libucosii_bsp.a(os_cpu_c.o)
 .data          0x00000000041114bc        0x0 /home/vm/Documents/QuartusQuake/sw/cpu1_gamelogic_bsp//libucosii_bsp.a(alt_find_file.o)
 .data          0x00000000041114bc        0x0 /home/vm/Documents/QuartusQuake/sw/cpu1_gamelogic_bsp//libucosii_bsp.a(alt_get_fd.o)
 .data          0x00000000041114bc        0x0 /home/vm/Documents/QuartusQuake/sw/cpu1_gamelogic_bsp//libucosii_bsp.a(alt_icache_flush.o)
 .data          0x00000000041114bc        0x0 /opt/intelFPGA/18.1/nios2eds/bin/gnu/H-x86_64-pc-linux-gnu/bin/../lib/gcc/nios2-elf/5.3.0/../../../../../H-x86_64-pc-linux-gnu/nios2-elf/lib/libc.a(lib_a-atexit.o)
 .data          0x00000000041114bc        0x0 /opt/intelFPGA/18.1/nios2eds/bin/gnu/H-x86_64-pc-linux-gnu/bin/../lib/gcc/nios2-elf/5.3.0/../../../../../H-x86_64-pc-linux-gnu/nios2-elf/lib/libc.a(lib_a-exit.o)
 .data          0x00000000041114bc        0x0 /opt/intelFPGA/18.1/nios2eds/bin/gnu/H-x86_64-pc-linux-gnu/bin/../lib/gcc/nios2-elf/5.3.0/../../../../../H-x86_64-pc-linux-gnu/nios2-elf/lib/libc.a(lib_a-memcmp.o)
 .data          0x00000000041114bc        0x0 /opt/intelFPGA/18.1/nios2eds/bin/gnu/H-x86_64-pc-linux-gnu/bin/../lib/gcc/nios2-elf/5.3.0/../../../../../H-x86_64-pc-linux-gnu/nios2-elf/lib/libc.a(lib_a-__atexit.o)
 .data          0x00000000041114bc        0x0 /opt/intelFPGA/18.1/nios2eds/bin/gnu/H-x86_64-pc-linux-gnu/bin/../lib/gcc/nios2-elf/5.3.0/../../../../../H-x86_64-pc-linux-gnu/nios2-elf/lib/libc.a(lib_a-__call_atexit.o)
 .data          0x00000000041114bc        0x0 /opt/intelFPGA/18.1/nios2eds/bin/gnu/H-x86_64-pc-linux-gnu/bin/../lib/gcc/nios2-elf/5.3.0/libgcc.a(_umoddi3.o)
 .data          0x00000000041114bc        0x0 /opt/intelFPGA/18.1/nios2eds/bin/gnu/H-x86_64-pc-linux-gnu/bin/../lib/gcc/nios2-elf/5.3.0/libgcc.a(_clz.o)
 .data          0x00000000041114bc        0x0 /home/vm/Documents/QuartusQuake/sw/cpu1_gamelogic_bsp//libucosii_bsp.a(alt_exit.o)
                0x00000000041194bc                _gp = ABSOLUTE ((. + 0x8000))
                [!provide]                        PROVIDE (gp, _gp)
 *(.rwdata .rwdata.*)
 *(.sdata .sdata.* .gnu.linkonce.s.*)
 .sdata._global_impure_ptr
                0x00000000041114bc        0x4 /opt/intelFPGA/18.1/nios2eds/bin/gnu/H-x86_64-pc-linux-gnu/bin/../lib/gcc/nios2-elf/5.3.0/../../../../../H-x86_64-pc-linux-gnu/nios2-elf/lib/libc.a(lib_a-impure.o)
                0x00000000041114bc                _global_impure_ptr
 .sdata._impure_ptr
                0x00000000041114c0        0x4 /opt/intelFPGA/18.1/nios2eds/bin/gnu/H-x86_64-pc-linux-gnu/bin/../lib/gcc/nios2-elf/5.3.0/../../../../../H-x86_64-pc-linux-gnu/nios2-elf/lib/libc.a(lib_a-impure.o)
                0x00000000041114c0                _impure_ptr
 .sdata.__malloc_sbrk_base
                0x00000000041114c4        0x4 /opt/intelFPGA/18.1/nios2eds/bin/gnu/H-x86_64-pc-linux-gnu/bin/../lib/gcc/nios2-elf/5.3.0/../../../../../H-x86_64-pc-linux-gnu/nios2-elf/lib/libc.a(lib_a-mallocr.o)
                0x00000000041114c4                __malloc_sbrk_base
 .sdata.__malloc_trim_threshold
                0x00000000041114c8        0x4 /opt/intelFPGA/18.1/nios2eds/bin/gnu/H-x86_64-pc-linux-gnu/bin/../lib/gcc/nios2-elf/5.3.0/../../../../../H-x86_64-pc-linux-gnu/nios2-elf/lib/libc.a(lib_a-mallocr.o)
                0x00000000041114c8                __malloc_trim_threshold
 .sdata         0x00000000041114cc       0x14 /home/vm/Documents/QuartusQuake/sw/cpu1_gamelogic_bsp//libucosii_bsp.a(alt_dev.o)
                0x00000000041114cc                alt_fs_list
                0x00000000041114d4                alt_dev_list
                0x00000000041114dc                alt_max_fd
 .sdata         0x00000000041114e0        0x4 /home/vm/Documents/QuartusQuake/sw/cpu1_gamelogic_bsp//libucosii_bsp.a(alt_errno.o)
                0x00000000041114e0                alt_errno
 .sdata         0x00000000041114e4        0x4 /home/vm/Documents/QuartusQuake/sw/cpu1_gamelogic_bsp//libucosii_bsp.a(alt_irq_vars.o)
                0x00000000041114e4                alt_priority_mask
 .sdata         0x00000000041114e8        0x4 /home/vm/Documents/QuartusQuake/sw/cpu1_gamelogic_bsp//libucosii_bsp.a(alt_sbrk.o)
 .sdata         0x00000000041114ec        0x8 /home/vm/Documents/QuartusQuake/sw/cpu1_gamelogic_bsp//libucosii_bsp.a(alt_tick.o)
                0x00000000041114ec                alt_alarm_list
 .sdata         0x00000000041114f4        0x4 /home/vm/Documents/QuartusQuake/sw/cpu1_gamelogic_bsp//libucosii_bsp.a(alt_env_lock.o)
 .sdata         0x00000000041114f8        0x4 /home/vm/Documents/QuartusQuake/sw/cpu1_gamelogic_bsp//libucosii_bsp.a(alt_malloc_lock.o)
 .sdata         0x00000000041114fc       0x72 /home/vm/Documents/QuartusQuake/sw/cpu1_gamelogic_bsp//libucosii_bsp.a(os_dbg.o)
                0x00000000041114fc                OSDebugEn
                0x0000000004111500                OSEndiannessTest
                0x0000000004111504                OSEventEn
                0x0000000004111506                OSEventMax
                0x0000000004111508                OSEventNameSize
                0x000000000411150a                OSEventSize
                0x000000000411150c                OSEventTblSize
                0x000000000411150e                OSEventMultiEn
                0x0000000004111510                OSFlagEn
                0x0000000004111512                OSFlagGrpSize
                0x0000000004111514                OSFlagNodeSize
                0x0000000004111516                OSFlagWidth
                0x0000000004111518                OSFlagMax
                0x000000000411151a                OSFlagNameSize
                0x000000000411151c                OSLowestPrio
                0x000000000411151e                OSMboxEn
                0x0000000004111520                OSMemEn
                0x0000000004111522                OSMemMax
                0x0000000004111524                OSMemNameSize
                0x0000000004111526                OSMemSize
                0x0000000004111528                OSMemTblSize
                0x000000000411152a                OSMutexEn
                0x000000000411152c                OSPtrSize
                0x000000000411152e                OSQEn
                0x0000000004111530                OSQMax
                0x0000000004111532                OSQSize
                0x0000000004111534                OSRdyTblSize
                0x0000000004111536                OSSemEn
                0x0000000004111538                OSStkWidth
                0x000000000411153a                OSTaskCreateEn
                0x000000000411153c                OSTaskCreateExtEn
                0x000000000411153e                OSTaskDelEn
                0x0000000004111540                OSTaskIdleStkSize
                0x0000000004111542                OSTaskProfileEn
                0x0000000004111544                OSTaskMax
                0x0000000004111546                OSTaskNameSize
                0x0000000004111548                OSTaskStatEn
                0x000000000411154a                OSTaskStatStkSize
                0x000000000411154c                OSTaskStatStkChkEn
                0x000000000411154e                OSTaskSwHookEn
                0x0000000004111550                OSTCBPrioTblMax
                0x0000000004111552                OSTCBSize
                0x0000000004111554                OSTicksPerSec
                0x0000000004111556                OSTimeTickHookEn
                0x0000000004111558                OSVersionNbr
                0x000000000411155a                OSTmrEn
                0x000000000411155c                OSTmrCfgMax
                0x000000000411155e                OSTmrCfgNameSize
                0x0000000004111560                OSTmrCfgWheelSize
                0x0000000004111562                OSTmrCfgTicksPerSec
                0x0000000004111564                OSTmrSize
                0x0000000004111566                OSTmrTblSize
                0x0000000004111568                OSTmrWheelSize
                0x000000000411156a                OSTmrWheelTblSize
                0x000000000411156c                OSDataSize
 *fill*         0x000000000411156e        0x2 
 .sdata         0x0000000004111570        0x8 /home/vm/Documents/QuartusQuake/sw/cpu1_gamelogic_bsp//libucosii_bsp.a(altera_avalon_mailbox_simple.o)
                0x0000000004111570                alt_mailbox_simple_list
 .sdata         0x0000000004111578        0x8 /home/vm/Documents/QuartusQuake/sw/cpu1_gamelogic_bsp//libucosii_bsp.a(altera_avalon_mutex.o)
                0x0000000004111578                alt_mutex_list
 *(.sdata2 .sdata2.* .gnu.linkonce.s2.*)
                0x0000000004111580                . = ALIGN (0x4)
                0x0000000004111580                _edata = ABSOLUTE (.)
                [!provide]                        PROVIDE (edata, ABSOLUTE (.))
                0x0000000004111580                PROVIDE (__ram_rwdata_end, ABSOLUTE (.))
                0x0000000004111580                PROVIDE (__flash_rwdata_start, LOADADDR (.rwdata))

.bss            0x00000000041130e4     0x9404
                0x00000000041130e4                __bss_start = ABSOLUTE (.)
                [!provide]                        PROVIDE (__sbss_start, ABSOLUTE (.))
                [!provide]                        PROVIDE (___sbss_start, ABSOLUTE (.))
 *(.dynsbss)
 *(.sbss .sbss.* .gnu.linkonce.sb.*)
 .sbss          0x00000000041130e4       0x13 obj/default/hello_ucosii.o
 *fill*         0x00000000041130f7        0x1 
 .sbss          0x00000000041130f8        0x4 obj/default/hello_ucosii.o
                0x00000000041130f8                mutti
 .sbss          0x00000000041130fc        0x4 /opt/intelFPGA/18.1/nios2eds/bin/gnu/H-x86_64-pc-linux-gnu/bin/../lib/gcc/nios2-elf/5.3.0/../../../../../H-x86_64-pc-linux-gnu/nios2-elf/lib/libc.a(lib_a-int_errno.o)
                0x00000000041130fc                errno
 .sbss.__malloc_max_total_mem
                0x0000000004113100        0x4 /opt/intelFPGA/18.1/nios2eds/bin/gnu/H-x86_64-pc-linux-gnu/bin/../lib/gcc/nios2-elf/5.3.0/../../../../../H-x86_64-pc-linux-gnu/nios2-elf/lib/libc.a(lib_a-mallocr.o)
                0x0000000004113100                __malloc_max_total_mem
 .sbss.__malloc_max_sbrked_mem
                0x0000000004113104        0x4 /opt/intelFPGA/18.1/nios2eds/bin/gnu/H-x86_64-pc-linux-gnu/bin/../lib/gcc/nios2-elf/5.3.0/../../../../../H-x86_64-pc-linux-gnu/nios2-elf/lib/libc.a(lib_a-mallocr.o)
                0x0000000004113104                __malloc_max_sbrked_mem
 .sbss.__malloc_top_pad
                0x0000000004113108        0x4 /opt/intelFPGA/18.1/nios2eds/bin/gnu/H-x86_64-pc-linux-gnu/bin/../lib/gcc/nios2-elf/5.3.0/../../../../../H-x86_64-pc-linux-gnu/nios2-elf/lib/libc.a(lib_a-mallocr.o)
                0x0000000004113108                __malloc_top_pad
 .sbss          0x000000000411310c        0x4 /home/vm/Documents/QuartusQuake/sw/cpu1_gamelogic_bsp//libucosii_bsp.a(alt_dev.o)
                0x000000000411310c                alt_fd_list_lock
 .sbss          0x0000000004113110       0x10 /home/vm/Documents/QuartusQuake/sw/cpu1_gamelogic_bsp//libucosii_bsp.a(alt_gettod.o)
                0x0000000004113110                alt_timezone
                0x0000000004113118                alt_resettime
 .sbss          0x0000000004113120        0x4 /home/vm/Documents/QuartusQuake/sw/cpu1_gamelogic_bsp//libucosii_bsp.a(alt_irq_vars.o)
                0x0000000004113120                alt_irq_active
 .sbss          0x0000000004113124        0xc /home/vm/Documents/QuartusQuake/sw/cpu1_gamelogic_bsp//libucosii_bsp.a(alt_main.o)
                0x0000000004113124                alt_argc
                0x0000000004113128                alt_argv
                0x000000000411312c                alt_envp
 .sbss          0x0000000004113130        0x8 /home/vm/Documents/QuartusQuake/sw/cpu1_gamelogic_bsp//libucosii_bsp.a(alt_tick.o)
                0x0000000004113130                _alt_tick_rate
                0x0000000004113134                _alt_nticks
 .sbss          0x0000000004113138        0x8 /home/vm/Documents/QuartusQuake/sw/cpu1_gamelogic_bsp//libucosii_bsp.a(alt_env_lock.o)
                0x000000000411313c                alt_envsem
 .sbss          0x0000000004113140        0x8 /home/vm/Documents/QuartusQuake/sw/cpu1_gamelogic_bsp//libucosii_bsp.a(alt_malloc_lock.o)
                0x0000000004113144                alt_heapsem
 .sbss          0x0000000004113148       0x50 /home/vm/Documents/QuartusQuake/sw/cpu1_gamelogic_bsp//libucosii_bsp.a(os_core.o)
                0x0000000004113148                OSLockNesting
                0x0000000004113149                OSRunning
                0x000000000411314c                OSIdleCtr
                0x0000000004113150                OSPrioHighRdy
                0x0000000004113151                OSPrioCur
                0x0000000004113154                OSTCBList
                0x0000000004113158                OSTickStepState
                0x000000000411315c                OSCtxSwCtr
                0x0000000004113160                OSIdleCtrMax
                0x0000000004113164                OSTCBFreeList
                0x0000000004113168                OSCPUUsage
                0x0000000004113169                OSTaskCtr
                0x000000000411316c                OSMemFreeList
                0x0000000004113170                OSTCBHighRdy
                0x0000000004113174                OSQFreeList
                0x0000000004113178                OSRdyGrp
                0x0000000004113179                OSRdyTbl
                0x000000000411317c                OSEventFreeList
                0x0000000004113180                OSIntNesting
                0x0000000004113184                OSTCBCur
                0x0000000004113188                OSTime
                0x000000000411318c                OSFlagFreeList
                0x0000000004113190                OSStatRdy
                0x0000000004113194                OSIdleCtrRun
 .sbss          0x0000000004113198        0x4 /home/vm/Documents/QuartusQuake/sw/cpu1_gamelogic_bsp//libucosii_bsp.a(alt_instruction_exception_entry.o)
                0x0000000004113198                alt_instruction_exception_handler
 *(.sbss2 .sbss2.* .gnu.linkonce.sb2.*)
 *(.scommon)
                [!provide]                        PROVIDE (__sbss_end, ABSOLUTE (.))
                [!provide]                        PROVIDE (___sbss_end, ABSOLUTE (.))
 *(.dynbss)
 *(.bss .bss.* .gnu.linkonce.b.*)
 .bss           0x000000000411319c        0x0 /home/vm/Documents/QuartusQuake/sw/cpu1_gamelogic_bsp//obj/HAL/src/crt0.o
 .bss           0x000000000411319c        0x0 obj/default/hello_ucosii.o
 .bss           0x000000000411319c        0x0 /opt/intelFPGA/18.1/nios2eds/bin/gnu/H-x86_64-pc-linux-gnu/bin/../lib/gcc/nios2-elf/5.3.0/libgcc.a(lib2-divmod.o)
 .bss           0x000000000411319c        0x0 /opt/intelFPGA/18.1/nios2eds/bin/gnu/H-x86_64-pc-linux-gnu/bin/../lib/gcc/nios2-elf/5.3.0/../../../../../H-x86_64-pc-linux-gnu/nios2-elf/lib/libc.a(lib_a-memcpy.o)
 .bss           0x000000000411319c        0x0 /opt/intelFPGA/18.1/nios2eds/bin/gnu/H-x86_64-pc-linux-gnu/bin/../lib/gcc/nios2-elf/5.3.0/../../../../../H-x86_64-pc-linux-gnu/nios2-elf/lib/libc.a(lib_a-puts.o)
 .bss           0x000000000411319c        0x0 /opt/intelFPGA/18.1/nios2eds/bin/gnu/H-x86_64-pc-linux-gnu/bin/../lib/gcc/nios2-elf/5.3.0/../../../../../H-x86_64-pc-linux-gnu/nios2-elf/lib/libc.a(lib_a-rand.o)
 .bss           0x000000000411319c        0x0 /opt/intelFPGA/18.1/nios2eds/bin/gnu/H-x86_64-pc-linux-gnu/bin/../lib/gcc/nios2-elf/5.3.0/../../../../../H-x86_64-pc-linux-gnu/nios2-elf/lib/libc.a(lib_a-strlen.o)
 .bss           0x000000000411319c        0x0 /opt/intelFPGA/18.1/nios2eds/bin/gnu/H-x86_64-pc-linux-gnu/bin/../lib/gcc/nios2-elf/5.3.0/../../../../../H-x86_64-pc-linux-gnu/nios2-elf/lib/libc.a(lib_a-time.o)
 .bss           0x000000000411319c        0x0 /opt/intelFPGA/18.1/nios2eds/bin/gnu/H-x86_64-pc-linux-gnu/bin/../lib/gcc/nios2-elf/5.3.0/../../../../../H-x86_64-pc-linux-gnu/nios2-elf/lib/libc.a(lib_a-findfp.o)
 .bss           0x000000000411319c        0x0 /opt/intelFPGA/18.1/nios2eds/bin/gnu/H-x86_64-pc-linux-gnu/bin/../lib/gcc/nios2-elf/5.3.0/../../../../../H-x86_64-pc-linux-gnu/nios2-elf/lib/libc.a(lib_a-fvwrite.o)
 .bss           0x000000000411319c        0x0 /opt/intelFPGA/18.1/nios2eds/bin/gnu/H-x86_64-pc-linux-gnu/bin/../lib/gcc/nios2-elf/5.3.0/../../../../../H-x86_64-pc-linux-gnu/nios2-elf/lib/libc.a(lib_a-fwalk.o)
 .bss           0x000000000411319c        0x0 /opt/intelFPGA/18.1/nios2eds/bin/gnu/H-x86_64-pc-linux-gnu/bin/../lib/gcc/nios2-elf/5.3.0/../../../../../H-x86_64-pc-linux-gnu/nios2-elf/lib/libc.a(lib_a-gettimeofdayr.o)
 .bss           0x000000000411319c        0x0 /opt/intelFPGA/18.1/nios2eds/bin/gnu/H-x86_64-pc-linux-gnu/bin/../lib/gcc/nios2-elf/5.3.0/../../../../../H-x86_64-pc-linux-gnu/nios2-elf/lib/libc.a(lib_a-impure.o)
 .bss           0x000000000411319c        0x0 /opt/intelFPGA/18.1/nios2eds/bin/gnu/H-x86_64-pc-linux-gnu/bin/../lib/gcc/nios2-elf/5.3.0/../../../../../H-x86_64-pc-linux-gnu/nios2-elf/lib/libc.a(lib_a-int_errno.o)
 .bss           0x000000000411319c        0x0 /opt/intelFPGA/18.1/nios2eds/bin/gnu/H-x86_64-pc-linux-gnu/bin/../lib/gcc/nios2-elf/5.3.0/../../../../../H-x86_64-pc-linux-gnu/nios2-elf/lib/libc.a(lib_a-mallocr.o)
 .bss.__malloc_current_mallinfo
                0x000000000411319c       0x28 /opt/intelFPGA/18.1/nios2eds/bin/gnu/H-x86_64-pc-linux-gnu/bin/../lib/gcc/nios2-elf/5.3.0/../../../../../H-x86_64-pc-linux-gnu/nios2-elf/lib/libc.a(lib_a-mallocr.o)
                0x000000000411319c                __malloc_current_mallinfo
 .bss           0x00000000041131c4        0x0 /opt/intelFPGA/18.1/nios2eds/bin/gnu/H-x86_64-pc-linux-gnu/bin/../lib/gcc/nios2-elf/5.3.0/../../../../../H-x86_64-pc-linux-gnu/nios2-elf/lib/libc.a(lib_a-memchr.o)
 .bss           0x00000000041131c4        0x0 /opt/intelFPGA/18.1/nios2eds/bin/gnu/H-x86_64-pc-linux-gnu/bin/../lib/gcc/nios2-elf/5.3.0/../../../../../H-x86_64-pc-linux-gnu/nios2-elf/lib/libc.a(lib_a-memmove.o)
 .bss           0x00000000041131c4        0x0 /opt/intelFPGA/18.1/nios2eds/bin/gnu/H-x86_64-pc-linux-gnu/bin/../lib/gcc/nios2-elf/5.3.0/../../../../../H-x86_64-pc-linux-gnu/nios2-elf/lib/libc.a(lib_a-memset.o)
 .bss           0x00000000041131c4        0x0 /opt/intelFPGA/18.1/nios2eds/bin/gnu/H-x86_64-pc-linux-gnu/bin/../lib/gcc/nios2-elf/5.3.0/../../../../../H-x86_64-pc-linux-gnu/nios2-elf/lib/libc.a(lib_a-reallocr.o)
 .bss           0x00000000041131c4        0x0 /opt/intelFPGA/18.1/nios2eds/bin/gnu/H-x86_64-pc-linux-gnu/bin/../lib/gcc/nios2-elf/5.3.0/../../../../../H-x86_64-pc-linux-gnu/nios2-elf/lib/libc.a(lib_a-sbrkr.o)
 .bss           0x00000000041131c4        0x0 /opt/intelFPGA/18.1/nios2eds/bin/gnu/H-x86_64-pc-linux-gnu/bin/../lib/gcc/nios2-elf/5.3.0/../../../../../H-x86_64-pc-linux-gnu/nios2-elf/lib/libc.a(lib_a-stdio.o)
 .bss           0x00000000041131c4        0x0 /opt/intelFPGA/18.1/nios2eds/bin/gnu/H-x86_64-pc-linux-gnu/bin/../lib/gcc/nios2-elf/5.3.0/../../../../../H-x86_64-pc-linux-gnu/nios2-elf/lib/libc.a(lib_a-writer.o)
 .bss           0x00000000041131c4        0x0 /opt/intelFPGA/18.1/nios2eds/bin/gnu/H-x86_64-pc-linux-gnu/bin/../lib/gcc/nios2-elf/5.3.0/../../../../../H-x86_64-pc-linux-gnu/nios2-elf/lib/libc.a(lib_a-wsetup.o)
 .bss           0x00000000041131c4        0x0 /opt/intelFPGA/18.1/nios2eds/bin/gnu/H-x86_64-pc-linux-gnu/bin/../lib/gcc/nios2-elf/5.3.0/../../../../../H-x86_64-pc-linux-gnu/nios2-elf/lib/libc.a(closer.o)
 .bss           0x00000000041131c4        0x0 /opt/intelFPGA/18.1/nios2eds/bin/gnu/H-x86_64-pc-linux-gnu/bin/../lib/gcc/nios2-elf/5.3.0/../../../../../H-x86_64-pc-linux-gnu/nios2-elf/lib/libc.a(lib_a-fclose.o)
 .bss           0x00000000041131c4        0x0 /opt/intelFPGA/18.1/nios2eds/bin/gnu/H-x86_64-pc-linux-gnu/bin/../lib/gcc/nios2-elf/5.3.0/../../../../../H-x86_64-pc-linux-gnu/nios2-elf/lib/libc.a(lib_a-fflush.o)
 .bss           0x00000000041131c4        0x0 /opt/intelFPGA/18.1/nios2eds/bin/gnu/H-x86_64-pc-linux-gnu/bin/../lib/gcc/nios2-elf/5.3.0/../../../../../H-x86_64-pc-linux-gnu/nios2-elf/lib/libc.a(lib_a-freer.o)
 .bss           0x00000000041131c4        0x0 /opt/intelFPGA/18.1/nios2eds/bin/gnu/H-x86_64-pc-linux-gnu/bin/../lib/gcc/nios2-elf/5.3.0/../../../../../H-x86_64-pc-linux-gnu/nios2-elf/lib/libc.a(lib_a-lseekr.o)
 .bss           0x00000000041131c4        0x0 /opt/intelFPGA/18.1/nios2eds/bin/gnu/H-x86_64-pc-linux-gnu/bin/../lib/gcc/nios2-elf/5.3.0/../../../../../H-x86_64-pc-linux-gnu/nios2-elf/lib/libc.a(lib_a-makebuf.o)
 .bss           0x00000000041131c4        0x0 /opt/intelFPGA/18.1/nios2eds/bin/gnu/H-x86_64-pc-linux-gnu/bin/../lib/gcc/nios2-elf/5.3.0/../../../../../H-x86_64-pc-linux-gnu/nios2-elf/lib/libc.a(lib_a-readr.o)
 .bss           0x00000000041131c4        0x0 /opt/intelFPGA/18.1/nios2eds/bin/gnu/H-x86_64-pc-linux-gnu/bin/../lib/gcc/nios2-elf/5.3.0/../../../../../H-x86_64-pc-linux-gnu/nios2-elf/lib/libc.a(lib_a-fstatr.o)
 .bss           0x00000000041131c4        0x0 /opt/intelFPGA/18.1/nios2eds/bin/gnu/H-x86_64-pc-linux-gnu/bin/../lib/gcc/nios2-elf/5.3.0/../../../../../H-x86_64-pc-linux-gnu/nios2-elf/lib/libc.a(lib_a-isattyr.o)
 .bss           0x00000000041131c4        0x0 /opt/intelFPGA/18.1/nios2eds/bin/gnu/H-x86_64-pc-linux-gnu/bin/../lib/gcc/nios2-elf/5.3.0/libgcc.a(_muldi3.o)
 .bss           0x00000000041131c4        0x0 /home/vm/Documents/QuartusQuake/sw/cpu1_gamelogic_bsp//libucosii_bsp.a(alt_close.o)
 .bss           0x00000000041131c4        0x0 /home/vm/Documents/QuartusQuake/sw/cpu1_gamelogic_bsp//libucosii_bsp.a(alt_dev.o)
 .bss           0x00000000041131c4        0x0 /home/vm/Documents/QuartusQuake/sw/cpu1_gamelogic_bsp//libucosii_bsp.a(alt_errno.o)
 .bss           0x00000000041131c4        0x0 /home/vm/Documents/QuartusQuake/sw/cpu1_gamelogic_bsp//libucosii_bsp.a(alt_fstat.o)
 .bss           0x00000000041131c4        0x0 /home/vm/Documents/QuartusQuake/sw/cpu1_gamelogic_bsp//libucosii_bsp.a(alt_gettod.o)
 .bss           0x00000000041131c4        0x0 /home/vm/Documents/QuartusQuake/sw/cpu1_gamelogic_bsp//libucosii_bsp.a(alt_iic.o)
 .bss           0x00000000041131c4        0x0 /home/vm/Documents/QuartusQuake/sw/cpu1_gamelogic_bsp//libucosii_bsp.a(alt_iic_isr_register.o)
 .bss           0x00000000041131c4        0x0 /home/vm/Documents/QuartusQuake/sw/cpu1_gamelogic_bsp//libucosii_bsp.a(alt_irq_entry.o)
 .bss           0x00000000041131c4        0x0 /home/vm/Documents/QuartusQuake/sw/cpu1_gamelogic_bsp//libucosii_bsp.a(alt_irq_handler.o)
 .bss           0x00000000041131c4        0x0 /home/vm/Documents/QuartusQuake/sw/cpu1_gamelogic_bsp//libucosii_bsp.a(alt_irq_vars.o)
 .bss           0x00000000041131c4        0x0 /home/vm/Documents/QuartusQuake/sw/cpu1_gamelogic_bsp//libucosii_bsp.a(alt_isatty.o)
 .bss           0x00000000041131c4        0x0 /home/vm/Documents/QuartusQuake/sw/cpu1_gamelogic_bsp//libucosii_bsp.a(alt_load.o)
 .bss           0x00000000041131c4        0x0 /home/vm/Documents/QuartusQuake/sw/cpu1_gamelogic_bsp//libucosii_bsp.a(alt_lseek.o)
 .bss           0x00000000041131c4        0x0 /home/vm/Documents/QuartusQuake/sw/cpu1_gamelogic_bsp//libucosii_bsp.a(alt_main.o)
 .bss           0x00000000041131c4        0x0 /home/vm/Documents/QuartusQuake/sw/cpu1_gamelogic_bsp//libucosii_bsp.a(alt_read.o)
 .bss           0x00000000041131c4        0x0 /home/vm/Documents/QuartusQuake/sw/cpu1_gamelogic_bsp//libucosii_bsp.a(alt_release_fd.o)
 .bss           0x00000000041131c4        0x0 /home/vm/Documents/QuartusQuake/sw/cpu1_gamelogic_bsp//libucosii_bsp.a(alt_sbrk.o)
 .bss           0x00000000041131c4        0x0 /home/vm/Documents/QuartusQuake/sw/cpu1_gamelogic_bsp//libucosii_bsp.a(alt_tick.o)
 .bss           0x00000000041131c4        0x0 /home/vm/Documents/QuartusQuake/sw/cpu1_gamelogic_bsp//libucosii_bsp.a(alt_write.o)
 .bss           0x00000000041131c4        0x0 /home/vm/Documents/QuartusQuake/sw/cpu1_gamelogic_bsp//libucosii_bsp.a(alt_env_lock.o)
 .bss           0x00000000041131c4        0x0 /home/vm/Documents/QuartusQuake/sw/cpu1_gamelogic_bsp//libucosii_bsp.a(alt_malloc_lock.o)
 .bss           0x00000000041131c4        0x0 /home/vm/Documents/QuartusQuake/sw/cpu1_gamelogic_bsp//libucosii_bsp.a(os_core.o)
 .bss           0x00000000041131c4        0x0 /home/vm/Documents/QuartusQuake/sw/cpu1_gamelogic_bsp//libucosii_bsp.a(os_dbg.o)
 .bss           0x00000000041131c4        0x0 /home/vm/Documents/QuartusQuake/sw/cpu1_gamelogic_bsp//libucosii_bsp.a(os_flag.o)
 .bss           0x00000000041131c4        0x0 /home/vm/Documents/QuartusQuake/sw/cpu1_gamelogic_bsp//libucosii_bsp.a(os_mem.o)
 .bss           0x00000000041131c4        0x0 /home/vm/Documents/QuartusQuake/sw/cpu1_gamelogic_bsp//libucosii_bsp.a(os_q.o)
 .bss           0x00000000041131c4        0x0 /home/vm/Documents/QuartusQuake/sw/cpu1_gamelogic_bsp//libucosii_bsp.a(os_sem.o)
 .bss           0x00000000041131c4        0x0 /home/vm/Documents/QuartusQuake/sw/cpu1_gamelogic_bsp//libucosii_bsp.a(os_task.o)
 .bss           0x00000000041131c4        0x0 /home/vm/Documents/QuartusQuake/sw/cpu1_gamelogic_bsp//libucosii_bsp.a(os_time.o)
 .bss           0x00000000041131c4        0x0 /home/vm/Documents/QuartusQuake/sw/cpu1_gamelogic_bsp//libucosii_bsp.a(alt_sys_init.o)
 .bss           0x00000000041131c4        0x0 /home/vm/Documents/QuartusQuake/sw/cpu1_gamelogic_bsp//libucosii_bsp.a(altera_avalon_jtag_uart_fd.o)
 .bss           0x00000000041131c4        0x0 /home/vm/Documents/QuartusQuake/sw/cpu1_gamelogic_bsp//libucosii_bsp.a(altera_avalon_jtag_uart_init.o)
 .bss           0x00000000041131c4        0x0 /home/vm/Documents/QuartusQuake/sw/cpu1_gamelogic_bsp//libucosii_bsp.a(altera_avalon_jtag_uart_ioctl.o)
 .bss           0x00000000041131c4        0x0 /home/vm/Documents/QuartusQuake/sw/cpu1_gamelogic_bsp//libucosii_bsp.a(altera_avalon_jtag_uart_read.o)
 .bss           0x00000000041131c4        0x0 /home/vm/Documents/QuartusQuake/sw/cpu1_gamelogic_bsp//libucosii_bsp.a(altera_avalon_jtag_uart_write.o)
 .bss           0x00000000041131c4        0x0 /home/vm/Documents/QuartusQuake/sw/cpu1_gamelogic_bsp//libucosii_bsp.a(altera_avalon_mailbox_simple.o)
 .bss           0x00000000041131c4        0x0 /home/vm/Documents/QuartusQuake/sw/cpu1_gamelogic_bsp//libucosii_bsp.a(altera_avalon_mutex.o)
 .bss           0x00000000041131c4        0x0 /home/vm/Documents/QuartusQuake/sw/cpu1_gamelogic_bsp//libucosii_bsp.a(altera_avalon_timer_sc.o)
 .bss           0x00000000041131c4        0x0 /home/vm/Documents/QuartusQuake/sw/cpu1_gamelogic_bsp//libucosii_bsp.a(alt_alarm_start.o)
 .bss           0x00000000041131c4        0x0 /home/vm/Documents/QuartusQuake/sw/cpu1_gamelogic_bsp//libucosii_bsp.a(alt_dcache_flush_all.o)
 .bss           0x00000000041131c4        0x0 /home/vm/Documents/QuartusQuake/sw/cpu1_gamelogic_bsp//libucosii_bsp.a(alt_dev_llist_insert.o)
 .bss           0x00000000041131c4        0x0 /home/vm/Documents/QuartusQuake/sw/cpu1_gamelogic_bsp//libucosii_bsp.a(alt_do_ctors.o)
 .bss           0x00000000041131c4        0x0 /home/vm/Documents/QuartusQuake/sw/cpu1_gamelogic_bsp//libucosii_bsp.a(alt_do_dtors.o)